19:27:59 **** Build of configuration Debug for project battery_readerV1 ****
make -j12 all 
arm-none-eabi-gcc "../USB_DEVICE/Target/usbd_conf.c" -mcpu=cortex-m4 -std=gnu11 -g3 -DDEBUG -DUSE_HAL_DRIVER -DSTM32F407xx -c -I../Core/Inc -IC:/Users/zmtan/STM32Cube/Repository/STM32Cube_FW_F4_V1.26.2/Drivers/STM32F4xx_HAL_Driver/Inc -IC:/Users/zmtan/STM32Cube/Repository/STM32Cube_FW_F4_V1.26.2/Drivers/STM32F4xx_HAL_Driver/Inc/Legacy -IC:/Users/zmtan/STM32Cube/Repository/STM32Cube_FW_F4_V1.26.2/Drivers/CMSIS/Device/ST/STM32F4xx/Include -IC:/Users/zmtan/STM32Cube/Repository/STM32Cube_FW_F4_V1.26.2/Drivers/CMSIS/Include -I../USB_DEVICE/App -I../USB_DEVICE/Target -IC:/Users/zmtan/STM32Cube/Repository/STM32Cube_FW_F4_V1.26.2/Middlewares/ST/STM32_USB_Device_Library/Core/Inc -IC:/Users/zmtan/STM32Cube/Repository/STM32Cube_FW_F4_V1.26.2/Middlewares/ST/STM32_USB_Device_Library/Class/CDC/Inc -O0 -ffunction-sections -fdata-sections -Wall -fstack-usage -MMD -MP -MF"USB_DEVICE/Target/usbd_conf.d" -MT"USB_DEVICE/Target/usbd_conf.o" --specs=nano.specs -mfpu=fpv4-sp-d16 -mfloat-abi=hard -mthumb -o "USB_DEVICE/Target/usbd_conf.o"
arm-none-eabi-gcc "../USB_DEVICE/App/usb_device.c" -mcpu=cortex-m4 -std=gnu11 -g3 -DDEBUG -DUSE_HAL_DRIVER -DSTM32F407xx -c -I../Core/Inc -IC:/Users/zmtan/STM32Cube/Repository/STM32Cube_FW_F4_V1.26.2/Drivers/STM32F4xx_HAL_Driver/Inc -IC:/Users/zmtan/STM32Cube/Repository/STM32Cube_FW_F4_V1.26.2/Drivers/STM32F4xx_HAL_Driver/Inc/Legacy -IC:/Users/zmtan/STM32Cube/Repository/STM32Cube_FW_F4_V1.26.2/Drivers/CMSIS/Device/ST/STM32F4xx/Include -IC:/Users/zmtan/STM32Cube/Repository/STM32Cube_FW_F4_V1.26.2/Drivers/CMSIS/Include -I../USB_DEVICE/App -I../USB_DEVICE/Target -IC:/Users/zmtan/STM32Cube/Repository/STM32Cube_FW_F4_V1.26.2/Middlewares/ST/STM32_USB_Device_Library/Core/Inc -IC:/Users/zmtan/STM32Cube/Repository/STM32Cube_FW_F4_V1.26.2/Middlewares/ST/STM32_USB_Device_Library/Class/CDC/Inc -O0 -ffunction-sections -fdata-sections -Wall -fstack-usage -MMD -MP -MF"USB_DEVICE/App/usb_device.d" -MT"USB_DEVICE/App/usb_device.o" --specs=nano.specs -mfpu=fpv4-sp-d16 -mfloat-abi=hard -mthumb -o "USB_DEVICE/App/usb_device.o"
arm-none-eabi-gcc "../USB_DEVICE/App/usbd_cdc_if.c" -mcpu=cortex-m4 -std=gnu11 -g3 -DDEBUG -DUSE_HAL_DRIVER -DSTM32F407xx -c -I../Core/Inc -IC:/Users/zmtan/STM32Cube/Repository/STM32Cube_FW_F4_V1.26.2/Drivers/STM32F4xx_HAL_Driver/Inc -IC:/Users/zmtan/STM32Cube/Repository/STM32Cube_FW_F4_V1.26.2/Drivers/STM32F4xx_HAL_Driver/Inc/Legacy -IC:/Users/zmtan/STM32Cube/Repository/STM32Cube_FW_F4_V1.26.2/Drivers/CMSIS/Device/ST/STM32F4xx/Include -IC:/Users/zmtan/STM32Cube/Repository/STM32Cube_FW_F4_V1.26.2/Drivers/CMSIS/Include -I../USB_DEVICE/App -I../USB_DEVICE/Target -IC:/Users/zmtan/STM32Cube/Repository/STM32Cube_FW_F4_V1.26.2/Middlewares/ST/STM32_USB_Device_Library/Core/Inc -IC:/Users/zmtan/STM32Cube/Repository/STM32Cube_FW_F4_V1.26.2/Middlewares/ST/STM32_USB_Device_Library/Class/CDC/Inc -O0 -ffunction-sections -fdata-sections -Wall -fstack-usage -MMD -MP -MF"USB_DEVICE/App/usbd_cdc_if.d" -MT"USB_DEVICE/App/usbd_cdc_if.o" --specs=nano.specs -mfpu=fpv4-sp-d16 -mfloat-abi=hard -mthumb -o "USB_DEVICE/App/usbd_cdc_if.o"
arm-none-eabi-gcc "../USB_DEVICE/App/usbd_desc.c" -mcpu=cortex-m4 -std=gnu11 -g3 -DDEBUG -DUSE_HAL_DRIVER -DSTM32F407xx -c -I../Core/Inc -IC:/Users/zmtan/STM32Cube/Repository/STM32Cube_FW_F4_V1.26.2/Drivers/STM32F4xx_HAL_Driver/Inc -IC:/Users/zmtan/STM32Cube/Repository/STM32Cube_FW_F4_V1.26.2/Drivers/STM32F4xx_HAL_Driver/Inc/Legacy -IC:/Users/zmtan/STM32Cube/Repository/STM32Cube_FW_F4_V1.26.2/Drivers/CMSIS/Device/ST/STM32F4xx/Include -IC:/Users/zmtan/STM32Cube/Repository/STM32Cube_FW_F4_V1.26.2/Drivers/CMSIS/Include -I../USB_DEVICE/App -I../USB_DEVICE/Target -IC:/Users/zmtan/STM32Cube/Repository/STM32Cube_FW_F4_V1.26.2/Middlewares/ST/STM32_USB_Device_Library/Core/Inc -IC:/Users/zmtan/STM32Cube/Repository/STM32Cube_FW_F4_V1.26.2/Middlewares/ST/STM32_USB_Device_Library/Class/CDC/Inc -O0 -ffunction-sections -fdata-sections -Wall -fstack-usage -MMD -MP -MF"USB_DEVICE/App/usbd_desc.d" -MT"USB_DEVICE/App/usbd_desc.o" --specs=nano.specs -mfpu=fpv4-sp-d16 -mfloat-abi=hard -mthumb -o "USB_DEVICE/App/usbd_desc.o"
arm-none-eabi-gcc "C:/Users/zmtan/STM32Cube/Repository/STM32Cube_FW_F4_V1.26.2/Middlewares/ST/STM32_USB_Device_Library/Class/CDC/Src/usbd_cdc.c" -mcpu=cortex-m4 -std=gnu11 -g3 -DDEBUG -DUSE_HAL_DRIVER -DSTM32F407xx -c -I../Core/Inc -IC:/Users/zmtan/STM32Cube/Repository/STM32Cube_FW_F4_V1.26.2/Drivers/STM32F4xx_HAL_Driver/Inc -IC:/Users/zmtan/STM32Cube/Repository/STM32Cube_FW_F4_V1.26.2/Drivers/STM32F4xx_HAL_Driver/Inc/Legacy -IC:/Users/zmtan/STM32Cube/Repository/STM32Cube_FW_F4_V1.26.2/Drivers/CMSIS/Device/ST/STM32F4xx/Include -IC:/Users/zmtan/STM32Cube/Repository/STM32Cube_FW_F4_V1.26.2/Drivers/CMSIS/Include -I../USB_DEVICE/App -I../USB_DEVICE/Target -IC:/Users/zmtan/STM32Cube/Repository/STM32Cube_FW_F4_V1.26.2/Middlewares/ST/STM32_USB_Device_Library/Core/Inc -IC:/Users/zmtan/STM32Cube/Repository/STM32Cube_FW_F4_V1.26.2/Middlewares/ST/STM32_USB_Device_Library/Class/CDC/Inc -O0 -ffunction-sections -fdata-sections -Wall -fstack-usage -MMD -MP -MF"Middlewares/USB_Device_Library/usbd_cdc.d" -MT"Middlewares/USB_Device_Library/usbd_cdc.o" --specs=nano.specs -mfpu=fpv4-sp-d16 -mfloat-abi=hard -mthumb -o "Middlewares/USB_Device_Library/usbd_cdc.o"
arm-none-eabi-gcc "C:/Users/zmtan/STM32Cube/Repository/STM32Cube_FW_F4_V1.26.2/Middlewares/ST/STM32_USB_Device_Library/Core/Src/usbd_core.c" -mcpu=cortex-m4 -std=gnu11 -g3 -DDEBUG -DUSE_HAL_DRIVER -DSTM32F407xx -c -I../Core/Inc -IC:/Users/zmtan/STM32Cube/Repository/STM32Cube_FW_F4_V1.26.2/Drivers/STM32F4xx_HAL_Driver/Inc -IC:/Users/zmtan/STM32Cube/Repository/STM32Cube_FW_F4_V1.26.2/Drivers/STM32F4xx_HAL_Driver/Inc/Legacy -IC:/Users/zmtan/STM32Cube/Repository/STM32Cube_FW_F4_V1.26.2/Drivers/CMSIS/Device/ST/STM32F4xx/Include -IC:/Users/zmtan/STM32Cube/Repository/STM32Cube_FW_F4_V1.26.2/Drivers/CMSIS/Include -I../USB_DEVICE/App -I../USB_DEVICE/Target -IC:/Users/zmtan/STM32Cube/Repository/STM32Cube_FW_F4_V1.26.2/Middlewares/ST/STM32_USB_Device_Library/Core/Inc -IC:/Users/zmtan/STM32Cube/Repository/STM32Cube_FW_F4_V1.26.2/Middlewares/ST/STM32_USB_Device_Library/Class/CDC/Inc -O0 -ffunction-sections -fdata-sections -Wall -fstack-usage -MMD -MP -MF"Middlewares/USB_Device_Library/usbd_core.d" -MT"Middlewares/USB_Device_Library/usbd_core.o" --specs=nano.specs -mfpu=fpv4-sp-d16 -mfloat-abi=hard -mthumb -o "Middlewares/USB_Device_Library/usbd_core.o"
arm-none-eabi-gcc "C:/Users/zmtan/STM32Cube/Repository/STM32Cube_FW_F4_V1.26.2/Middlewares/ST/STM32_USB_Device_Library/Core/Src/usbd_ctlreq.c" -mcpu=cortex-m4 -std=gnu11 -g3 -DDEBUG -DUSE_HAL_DRIVER -DSTM32F407xx -c -I../Core/Inc -IC:/Users/zmtan/STM32Cube/Repository/STM32Cube_FW_F4_V1.26.2/Drivers/STM32F4xx_HAL_Driver/Inc -IC:/Users/zmtan/STM32Cube/Repository/STM32Cube_FW_F4_V1.26.2/Drivers/STM32F4xx_HAL_Driver/Inc/Legacy -IC:/Users/zmtan/STM32Cube/Repository/STM32Cube_FW_F4_V1.26.2/Drivers/CMSIS/Device/ST/STM32F4xx/Include -IC:/Users/zmtan/STM32Cube/Repository/STM32Cube_FW_F4_V1.26.2/Drivers/CMSIS/Include -I../USB_DEVICE/App -I../USB_DEVICE/Target -IC:/Users/zmtan/STM32Cube/Repository/STM32Cube_FW_F4_V1.26.2/Middlewares/ST/STM32_USB_Device_Library/Core/Inc -IC:/Users/zmtan/STM32Cube/Repository/STM32Cube_FW_F4_V1.26.2/Middlewares/ST/STM32_USB_Device_Library/Class/CDC/Inc -O0 -ffunction-sections -fdata-sections -Wall -fstack-usage -MMD -MP -MF"Middlewares/USB_Device_Library/usbd_ctlreq.d" -MT"Middlewares/USB_Device_Library/usbd_ctlreq.o" --specs=nano.specs -mfpu=fpv4-sp-d16 -mfloat-abi=hard -mthumb -o "Middlewares/USB_Device_Library/usbd_ctlreq.o"
arm-none-eabi-gcc "C:/Users/zmtan/STM32Cube/Repository/STM32Cube_FW_F4_V1.26.2/Middlewares/ST/STM32_USB_Device_Library/Core/Src/usbd_ioreq.c" -mcpu=cortex-m4 -std=gnu11 -g3 -DDEBUG -DUSE_HAL_DRIVER -DSTM32F407xx -c -I../Core/Inc -IC:/Users/zmtan/STM32Cube/Repository/STM32Cube_FW_F4_V1.26.2/Drivers/STM32F4xx_HAL_Driver/Inc -IC:/Users/zmtan/STM32Cube/Repository/STM32Cube_FW_F4_V1.26.2/Drivers/STM32F4xx_HAL_Driver/Inc/Legacy -IC:/Users/zmtan/STM32Cube/Repository/STM32Cube_FW_F4_V1.26.2/Drivers/CMSIS/Device/ST/STM32F4xx/Include -IC:/Users/zmtan/STM32Cube/Repository/STM32Cube_FW_F4_V1.26.2/Drivers/CMSIS/Include -I../USB_DEVICE/App -I../USB_DEVICE/Target -IC:/Users/zmtan/STM32Cube/Repository/STM32Cube_FW_F4_V1.26.2/Middlewares/ST/STM32_USB_Device_Library/Core/Inc -IC:/Users/zmtan/STM32Cube/Repository/STM32Cube_FW_F4_V1.26.2/Middlewares/ST/STM32_USB_Device_Library/Class/CDC/Inc -O0 -ffunction-sections -fdata-sections -Wall -fstack-usage -MMD -MP -MF"Middlewares/USB_Device_Library/usbd_ioreq.d" -MT"Middlewares/USB_Device_Library/usbd_ioreq.o" --specs=nano.specs -mfpu=fpv4-sp-d16 -mfloat-abi=hard -mthumb -o "Middlewares/USB_Device_Library/usbd_ioreq.o"
arm-none-eabi-gcc "C:/Users/zmtan/STM32Cube/Repository/STM32Cube_FW_F4_V1.26.2/Drivers/STM32F4xx_HAL_Driver/Src/stm32f4xx_hal.c" -mcpu=cortex-m4 -std=gnu11 -g3 -DDEBUG -DUSE_HAL_DRIVER -DSTM32F407xx -c -I../Core/Inc -IC:/Users/zmtan/STM32Cube/Repository/STM32Cube_FW_F4_V1.26.2/Drivers/STM32F4xx_HAL_Driver/Inc -IC:/Users/zmtan/STM32Cube/Repository/STM32Cube_FW_F4_V1.26.2/Drivers/STM32F4xx_HAL_Driver/Inc/Legacy -IC:/Users/zmtan/STM32Cube/Repository/STM32Cube_FW_F4_V1.26.2/Drivers/CMSIS/Device/ST/STM32F4xx/Include -IC:/Users/zmtan/STM32Cube/Repository/STM32Cube_FW_F4_V1.26.2/Drivers/CMSIS/Include -I../USB_DEVICE/App -I../USB_DEVICE/Target -IC:/Users/zmtan/STM32Cube/Repository/STM32Cube_FW_F4_V1.26.2/Middlewares/ST/STM32_USB_Device_Library/Core/Inc -IC:/Users/zmtan/STM32Cube/Repository/STM32Cube_FW_F4_V1.26.2/Middlewares/ST/STM32_USB_Device_Library/Class/CDC/Inc -O0 -ffunction-sections -fdata-sections -Wall -fstack-usage -MMD -MP -MF"Drivers/STM32F4xx_HAL_Driver/stm32f4xx_hal.d" -MT"Drivers/STM32F4xx_HAL_Driver/stm32f4xx_hal.o" --specs=nano.specs -mfpu=fpv4-sp-d16 -mfloat-abi=hard -mthumb -o "Drivers/STM32F4xx_HAL_Driver/stm32f4xx_hal.o"
arm-none-eabi-gcc "C:/Users/zmtan/STM32Cube/Repository/STM32Cube_FW_F4_V1.26.2/Drivers/STM32F4xx_HAL_Driver/Src/stm32f4xx_hal_can.c" -mcpu=cortex-m4 -std=gnu11 -g3 -DDEBUG -DUSE_HAL_DRIVER -DSTM32F407xx -c -I../Core/Inc -IC:/Users/zmtan/STM32Cube/Repository/STM32Cube_FW_F4_V1.26.2/Drivers/STM32F4xx_HAL_Driver/Inc -IC:/Users/zmtan/STM32Cube/Repository/STM32Cube_FW_F4_V1.26.2/Drivers/STM32F4xx_HAL_Driver/Inc/Legacy -IC:/Users/zmtan/STM32Cube/Repository/STM32Cube_FW_F4_V1.26.2/Drivers/CMSIS/Device/ST/STM32F4xx/Include -IC:/Users/zmtan/STM32Cube/Repository/STM32Cube_FW_F4_V1.26.2/Drivers/CMSIS/Include -I../USB_DEVICE/App -I../USB_DEVICE/Target -IC:/Users/zmtan/STM32Cube/Repository/STM32Cube_FW_F4_V1.26.2/Middlewares/ST/STM32_USB_Device_Library/Core/Inc -IC:/Users/zmtan/STM32Cube/Repository/STM32Cube_FW_F4_V1.26.2/Middlewares/ST/STM32_USB_Device_Library/Class/CDC/Inc -O0 -ffunction-sections -fdata-sections -Wall -fstack-usage -MMD -MP -MF"Drivers/STM32F4xx_HAL_Driver/stm32f4xx_hal_can.d" -MT"Drivers/STM32F4xx_HAL_Driver/stm32f4xx_hal_can.o" --specs=nano.specs -mfpu=fpv4-sp-d16 -mfloat-abi=hard -mthumb -o "Drivers/STM32F4xx_HAL_Driver/stm32f4xx_hal_can.o"
arm-none-eabi-gcc "C:/Users/zmtan/STM32Cube/Repository/STM32Cube_FW_F4_V1.26.2/Drivers/STM32F4xx_HAL_Driver/Src/stm32f4xx_hal_cortex.c" -mcpu=cortex-m4 -std=gnu11 -g3 -DDEBUG -DUSE_HAL_DRIVER -DSTM32F407xx -c -I../Core/Inc -IC:/Users/zmtan/STM32Cube/Repository/STM32Cube_FW_F4_V1.26.2/Drivers/STM32F4xx_HAL_Driver/Inc -IC:/Users/zmtan/STM32Cube/Repository/STM32Cube_FW_F4_V1.26.2/Drivers/STM32F4xx_HAL_Driver/Inc/Legacy -IC:/Users/zmtan/STM32Cube/Repository/STM32Cube_FW_F4_V1.26.2/Drivers/CMSIS/Device/ST/STM32F4xx/Include -IC:/Users/zmtan/STM32Cube/Repository/STM32Cube_FW_F4_V1.26.2/Drivers/CMSIS/Include -I../USB_DEVICE/App -I../USB_DEVICE/Target -IC:/Users/zmtan/STM32Cube/Repository/STM32Cube_FW_F4_V1.26.2/Middlewares/ST/STM32_USB_Device_Library/Core/Inc -IC:/Users/zmtan/STM32Cube/Repository/STM32Cube_FW_F4_V1.26.2/Middlewares/ST/STM32_USB_Device_Library/Class/CDC/Inc -O0 -ffunction-sections -fdata-sections -Wall -fstack-usage -MMD -MP -MF"Drivers/STM32F4xx_HAL_Driver/stm32f4xx_hal_cortex.d" -MT"Drivers/STM32F4xx_HAL_Driver/stm32f4xx_hal_cortex.o" --specs=nano.specs -mfpu=fpv4-sp-d16 -mfloat-abi=hard -mthumb -o "Drivers/STM32F4xx_HAL_Driver/stm32f4xx_hal_cortex.o"
arm-none-eabi-gcc "C:/Users/zmtan/STM32Cube/Repository/STM32Cube_FW_F4_V1.26.2/Drivers/STM32F4xx_HAL_Driver/Src/stm32f4xx_hal_dma.c" -mcpu=cortex-m4 -std=gnu11 -g3 -DDEBUG -DUSE_HAL_DRIVER -DSTM32F407xx -c -I../Core/Inc -IC:/Users/zmtan/STM32Cube/Repository/STM32Cube_FW_F4_V1.26.2/Drivers/STM32F4xx_HAL_Driver/Inc -IC:/Users/zmtan/STM32Cube/Repository/STM32Cube_FW_F4_V1.26.2/Drivers/STM32F4xx_HAL_Driver/Inc/Legacy -IC:/Users/zmtan/STM32Cube/Repository/STM32Cube_FW_F4_V1.26.2/Drivers/CMSIS/Device/ST/STM32F4xx/Include -IC:/Users/zmtan/STM32Cube/Repository/STM32Cube_FW_F4_V1.26.2/Drivers/CMSIS/Include -I../USB_DEVICE/App -I../USB_DEVICE/Target -IC:/Users/zmtan/STM32Cube/Repository/STM32Cube_FW_F4_V1.26.2/Middlewares/ST/STM32_USB_Device_Library/Core/Inc -IC:/Users/zmtan/STM32Cube/Repository/STM32Cube_FW_F4_V1.26.2/Middlewares/ST/STM32_USB_Device_Library/Class/CDC/Inc -O0 -ffunction-sections -fdata-sections -Wall -fstack-usage -MMD -MP -MF"Drivers/STM32F4xx_HAL_Driver/stm32f4xx_hal_dma.d" -MT"Drivers/STM32F4xx_HAL_Driver/stm32f4xx_hal_dma.o" --specs=nano.specs -mfpu=fpv4-sp-d16 -mfloat-abi=hard -mthumb -o "Drivers/STM32F4xx_HAL_Driver/stm32f4xx_hal_dma.o"
arm-none-eabi-gcc "C:/Users/zmtan/STM32Cube/Repository/STM32Cube_FW_F4_V1.26.2/Drivers/STM32F4xx_HAL_Driver/Src/stm32f4xx_hal_dma_ex.c" -mcpu=cortex-m4 -std=gnu11 -g3 -DDEBUG -DUSE_HAL_DRIVER -DSTM32F407xx -c -I../Core/Inc -IC:/Users/zmtan/STM32Cube/Repository/STM32Cube_FW_F4_V1.26.2/Drivers/STM32F4xx_HAL_Driver/Inc -IC:/Users/zmtan/STM32Cube/Repository/STM32Cube_FW_F4_V1.26.2/Drivers/STM32F4xx_HAL_Driver/Inc/Legacy -IC:/Users/zmtan/STM32Cube/Repository/STM32Cube_FW_F4_V1.26.2/Drivers/CMSIS/Device/ST/STM32F4xx/Include -IC:/Users/zmtan/STM32Cube/Repository/STM32Cube_FW_F4_V1.26.2/Drivers/CMSIS/Include -I../USB_DEVICE/App -I../USB_DEVICE/Target -IC:/Users/zmtan/STM32Cube/Repository/STM32Cube_FW_F4_V1.26.2/Middlewares/ST/STM32_USB_Device_Library/Core/Inc -IC:/Users/zmtan/STM32Cube/Repository/STM32Cube_FW_F4_V1.26.2/Middlewares/ST/STM32_USB_Device_Library/Class/CDC/Inc -O0 -ffunction-sections -fdata-sections -Wall -fstack-usage -MMD -MP -MF"Drivers/STM32F4xx_HAL_Driver/stm32f4xx_hal_dma_ex.d" -MT"Drivers/STM32F4xx_HAL_Driver/stm32f4xx_hal_dma_ex.o" --specs=nano.specs -mfpu=fpv4-sp-d16 -mfloat-abi=hard -mthumb -o "Drivers/STM32F4xx_HAL_Driver/stm32f4xx_hal_dma_ex.o"
arm-none-eabi-gcc "C:/Users/zmtan/STM32Cube/Repository/STM32Cube_FW_F4_V1.26.2/Drivers/STM32F4xx_HAL_Driver/Src/stm32f4xx_hal_exti.c" -mcpu=cortex-m4 -std=gnu11 -g3 -DDEBUG -DUSE_HAL_DRIVER -DSTM32F407xx -c -I../Core/Inc -IC:/Users/zmtan/STM32Cube/Repository/STM32Cube_FW_F4_V1.26.2/Drivers/STM32F4xx_HAL_Driver/Inc -IC:/Users/zmtan/STM32Cube/Repository/STM32Cube_FW_F4_V1.26.2/Drivers/STM32F4xx_HAL_Driver/Inc/Legacy -IC:/Users/zmtan/STM32Cube/Repository/STM32Cube_FW_F4_V1.26.2/Drivers/CMSIS/Device/ST/STM32F4xx/Include -IC:/Users/zmtan/STM32Cube/Repository/STM32Cube_FW_F4_V1.26.2/Drivers/CMSIS/Include -I../USB_DEVICE/App -I../USB_DEVICE/Target -IC:/Users/zmtan/STM32Cube/Repository/STM32Cube_FW_F4_V1.26.2/Middlewares/ST/STM32_USB_Device_Library/Core/Inc -IC:/Users/zmtan/STM32Cube/Repository/STM32Cube_FW_F4_V1.26.2/Middlewares/ST/STM32_USB_Device_Library/Class/CDC/Inc -O0 -ffunction-sections -fdata-sections -Wall -fstack-usage -MMD -MP -MF"Drivers/STM32F4xx_HAL_Driver/stm32f4xx_hal_exti.d" -MT"Drivers/STM32F4xx_HAL_Driver/stm32f4xx_hal_exti.o" --specs=nano.specs -mfpu=fpv4-sp-d16 -mfloat-abi=hard -mthumb -o "Drivers/STM32F4xx_HAL_Driver/stm32f4xx_hal_exti.o"
arm-none-eabi-gcc "C:/Users/zmtan/STM32Cube/Repository/STM32Cube_FW_F4_V1.26.2/Drivers/STM32F4xx_HAL_Driver/Src/stm32f4xx_hal_flash.c" -mcpu=cortex-m4 -std=gnu11 -g3 -DDEBUG -DUSE_HAL_DRIVER -DSTM32F407xx -c -I../Core/Inc -IC:/Users/zmtan/STM32Cube/Repository/STM32Cube_FW_F4_V1.26.2/Drivers/STM32F4xx_HAL_Driver/Inc -IC:/Users/zmtan/STM32Cube/Repository/STM32Cube_FW_F4_V1.26.2/Drivers/STM32F4xx_HAL_Driver/Inc/Legacy -IC:/Users/zmtan/STM32Cube/Repository/STM32Cube_FW_F4_V1.26.2/Drivers/CMSIS/Device/ST/STM32F4xx/Include -IC:/Users/zmtan/STM32Cube/Repository/STM32Cube_FW_F4_V1.26.2/Drivers/CMSIS/Include -I../USB_DEVICE/App -I../USB_DEVICE/Target -IC:/Users/zmtan/STM32Cube/Repository/STM32Cube_FW_F4_V1.26.2/Middlewares/ST/STM32_USB_Device_Library/Core/Inc -IC:/Users/zmtan/STM32Cube/Repository/STM32Cube_FW_F4_V1.26.2/Middlewares/ST/STM32_USB_Device_Library/Class/CDC/Inc -O0 -ffunction-sections -fdata-sections -Wall -fstack-usage -MMD -MP -MF"Drivers/STM32F4xx_HAL_Driver/stm32f4xx_hal_flash.d" -MT"Drivers/STM32F4xx_HAL_Driver/stm32f4xx_hal_flash.o" --specs=nano.specs -mfpu=fpv4-sp-d16 -mfloat-abi=hard -mthumb -o "Drivers/STM32F4xx_HAL_Driver/stm32f4xx_hal_flash.o"
arm-none-eabi-gcc "C:/Users/zmtan/STM32Cube/Repository/STM32Cube_FW_F4_V1.26.2/Drivers/STM32F4xx_HAL_Driver/Src/stm32f4xx_hal_flash_ex.c" -mcpu=cortex-m4 -std=gnu11 -g3 -DDEBUG -DUSE_HAL_DRIVER -DSTM32F407xx -c -I../Core/Inc -IC:/Users/zmtan/STM32Cube/Repository/STM32Cube_FW_F4_V1.26.2/Drivers/STM32F4xx_HAL_Driver/Inc -IC:/Users/zmtan/STM32Cube/Repository/STM32Cube_FW_F4_V1.26.2/Drivers/STM32F4xx_HAL_Driver/Inc/Legacy -IC:/Users/zmtan/STM32Cube/Repository/STM32Cube_FW_F4_V1.26.2/Drivers/CMSIS/Device/ST/STM32F4xx/Include -IC:/Users/zmtan/STM32Cube/Repository/STM32Cube_FW_F4_V1.26.2/Drivers/CMSIS/Include -I../USB_DEVICE/App -I../USB_DEVICE/Target -IC:/Users/zmtan/STM32Cube/Repository/STM32Cube_FW_F4_V1.26.2/Middlewares/ST/STM32_USB_Device_Library/Core/Inc -IC:/Users/zmtan/STM32Cube/Repository/STM32Cube_FW_F4_V1.26.2/Middlewares/ST/STM32_USB_Device_Library/Class/CDC/Inc -O0 -ffunction-sections -fdata-sections -Wall -fstack-usage -MMD -MP -MF"Drivers/STM32F4xx_HAL_Driver/stm32f4xx_hal_flash_ex.d" -MT"Drivers/STM32F4xx_HAL_Driver/stm32f4xx_hal_flash_ex.o" --specs=nano.specs -mfpu=fpv4-sp-d16 -mfloat-abi=hard -mthumb -o "Drivers/STM32F4xx_HAL_Driver/stm32f4xx_hal_flash_ex.o"
arm-none-eabi-gcc "C:/Users/zmtan/STM32Cube/Repository/STM32Cube_FW_F4_V1.26.2/Drivers/STM32F4xx_HAL_Driver/Src/stm32f4xx_hal_flash_ramfunc.c" -mcpu=cortex-m4 -std=gnu11 -g3 -DDEBUG -DUSE_HAL_DRIVER -DSTM32F407xx -c -I../Core/Inc -IC:/Users/zmtan/STM32Cube/Repository/STM32Cube_FW_F4_V1.26.2/Drivers/STM32F4xx_HAL_Driver/Inc -IC:/Users/zmtan/STM32Cube/Repository/STM32Cube_FW_F4_V1.26.2/Drivers/STM32F4xx_HAL_Driver/Inc/Legacy -IC:/Users/zmtan/STM32Cube/Repository/STM32Cube_FW_F4_V1.26.2/Drivers/CMSIS/Device/ST/STM32F4xx/Include -IC:/Users/zmtan/STM32Cube/Repository/STM32Cube_FW_F4_V1.26.2/Drivers/CMSIS/Include -I../USB_DEVICE/App -I../USB_DEVICE/Target -IC:/Users/zmtan/STM32Cube/Repository/STM32Cube_FW_F4_V1.26.2/Middlewares/ST/STM32_USB_Device_Library/Core/Inc -IC:/Users/zmtan/STM32Cube/Repository/STM32Cube_FW_F4_V1.26.2/Middlewares/ST/STM32_USB_Device_Library/Class/CDC/Inc -O0 -ffunction-sections -fdata-sections -Wall -fstack-usage -MMD -MP -MF"Drivers/STM32F4xx_HAL_Driver/stm32f4xx_hal_flash_ramfunc.d" -MT"Drivers/STM32F4xx_HAL_Driver/stm32f4xx_hal_flash_ramfunc.o" --specs=nano.specs -mfpu=fpv4-sp-d16 -mfloat-abi=hard -mthumb -o "Drivers/STM32F4xx_HAL_Driver/stm32f4xx_hal_flash_ramfunc.o"
arm-none-eabi-gcc "C:/Users/zmtan/STM32Cube/Repository/STM32Cube_FW_F4_V1.26.2/Drivers/STM32F4xx_HAL_Driver/Src/stm32f4xx_hal_gpio.c" -mcpu=cortex-m4 -std=gnu11 -g3 -DDEBUG -DUSE_HAL_DRIVER -DSTM32F407xx -c -I../Core/Inc -IC:/Users/zmtan/STM32Cube/Repository/STM32Cube_FW_F4_V1.26.2/Drivers/STM32F4xx_HAL_Driver/Inc -IC:/Users/zmtan/STM32Cube/Repository/STM32Cube_FW_F4_V1.26.2/Drivers/STM32F4xx_HAL_Driver/Inc/Legacy -IC:/Users/zmtan/STM32Cube/Repository/STM32Cube_FW_F4_V1.26.2/Drivers/CMSIS/Device/ST/STM32F4xx/Include -IC:/Users/zmtan/STM32Cube/Repository/STM32Cube_FW_F4_V1.26.2/Drivers/CMSIS/Include -I../USB_DEVICE/App -I../USB_DEVICE/Target -IC:/Users/zmtan/STM32Cube/Repository/STM32Cube_FW_F4_V1.26.2/Middlewares/ST/STM32_USB_Device_Library/Core/Inc -IC:/Users/zmtan/STM32Cube/Repository/STM32Cube_FW_F4_V1.26.2/Middlewares/ST/STM32_USB_Device_Library/Class/CDC/Inc -O0 -ffunction-sections -fdata-sections -Wall -fstack-usage -MMD -MP -MF"Drivers/STM32F4xx_HAL_Driver/stm32f4xx_hal_gpio.d" -MT"Drivers/STM32F4xx_HAL_Driver/stm32f4xx_hal_gpio.o" --specs=nano.specs -mfpu=fpv4-sp-d16 -mfloat-abi=hard -mthumb -o "Drivers/STM32F4xx_HAL_Driver/stm32f4xx_hal_gpio.o"
arm-none-eabi-gcc "C:/Users/zmtan/STM32Cube/Repository/STM32Cube_FW_F4_V1.26.2/Drivers/STM32F4xx_HAL_Driver/Src/stm32f4xx_hal_pcd.c" -mcpu=cortex-m4 -std=gnu11 -g3 -DDEBUG -DUSE_HAL_DRIVER -DSTM32F407xx -c -I../Core/Inc -IC:/Users/zmtan/STM32Cube/Repository/STM32Cube_FW_F4_V1.26.2/Drivers/STM32F4xx_HAL_Driver/Inc -IC:/Users/zmtan/STM32Cube/Repository/STM32Cube_FW_F4_V1.26.2/Drivers/STM32F4xx_HAL_Driver/Inc/Legacy -IC:/Users/zmtan/STM32Cube/Repository/STM32Cube_FW_F4_V1.26.2/Drivers/CMSIS/Device/ST/STM32F4xx/Include -IC:/Users/zmtan/STM32Cube/Repository/STM32Cube_FW_F4_V1.26.2/Drivers/CMSIS/Include -I../USB_DEVICE/App -I../USB_DEVICE/Target -IC:/Users/zmtan/STM32Cube/Repository/STM32Cube_FW_F4_V1.26.2/Middlewares/ST/STM32_USB_Device_Library/Core/Inc -IC:/Users/zmtan/STM32Cube/Repository/STM32Cube_FW_F4_V1.26.2/Middlewares/ST/STM32_USB_Device_Library/Class/CDC/Inc -O0 -ffunction-sections -fdata-sections -Wall -fstack-usage -MMD -MP -MF"Drivers/STM32F4xx_HAL_Driver/stm32f4xx_hal_pcd.d" -MT"Drivers/STM32F4xx_HAL_Driver/stm32f4xx_hal_pcd.o" --specs=nano.specs -mfpu=fpv4-sp-d16 -mfloat-abi=hard -mthumb -o "Drivers/STM32F4xx_HAL_Driver/stm32f4xx_hal_pcd.o"
arm-none-eabi-gcc "C:/Users/zmtan/STM32Cube/Repository/STM32Cube_FW_F4_V1.26.2/Drivers/STM32F4xx_HAL_Driver/Src/stm32f4xx_hal_pcd_ex.c" -mcpu=cortex-m4 -std=gnu11 -g3 -DDEBUG -DUSE_HAL_DRIVER -DSTM32F407xx -c -I../Core/Inc -IC:/Users/zmtan/STM32Cube/Repository/STM32Cube_FW_F4_V1.26.2/Drivers/STM32F4xx_HAL_Driver/Inc -IC:/Users/zmtan/STM32Cube/Repository/STM32Cube_FW_F4_V1.26.2/Drivers/STM32F4xx_HAL_Driver/Inc/Legacy -IC:/Users/zmtan/STM32Cube/Repository/STM32Cube_FW_F4_V1.26.2/Drivers/CMSIS/Device/ST/STM32F4xx/Include -IC:/Users/zmtan/STM32Cube/Repository/STM32Cube_FW_F4_V1.26.2/Drivers/CMSIS/Include -I../USB_DEVICE/App -I../USB_DEVICE/Target -IC:/Users/zmtan/STM32Cube/Repository/STM32Cube_FW_F4_V1.26.2/Middlewares/ST/STM32_USB_Device_Library/Core/Inc -IC:/Users/zmtan/STM32Cube/Repository/STM32Cube_FW_F4_V1.26.2/Middlewares/ST/STM32_USB_Device_Library/Class/CDC/Inc -O0 -ffunction-sections -fdata-sections -Wall -fstack-usage -MMD -MP -MF"Drivers/STM32F4xx_HAL_Driver/stm32f4xx_hal_pcd_ex.d" -MT"Drivers/STM32F4xx_HAL_Driver/stm32f4xx_hal_pcd_ex.o" --specs=nano.specs -mfpu=fpv4-sp-d16 -mfloat-abi=hard -mthumb -o "Drivers/STM32F4xx_HAL_Driver/stm32f4xx_hal_pcd_ex.o"
arm-none-eabi-gcc "C:/Users/zmtan/STM32Cube/Repository/STM32Cube_FW_F4_V1.26.2/Drivers/STM32F4xx_HAL_Driver/Src/stm32f4xx_hal_pwr.c" -mcpu=cortex-m4 -std=gnu11 -g3 -DDEBUG -DUSE_HAL_DRIVER -DSTM32F407xx -c -I../Core/Inc -IC:/Users/zmtan/STM32Cube/Repository/STM32Cube_FW_F4_V1.26.2/Drivers/STM32F4xx_HAL_Driver/Inc -IC:/Users/zmtan/STM32Cube/Repository/STM32Cube_FW_F4_V1.26.2/Drivers/STM32F4xx_HAL_Driver/Inc/Legacy -IC:/Users/zmtan/STM32Cube/Repository/STM32Cube_FW_F4_V1.26.2/Drivers/CMSIS/Device/ST/STM32F4xx/Include -IC:/Users/zmtan/STM32Cube/Repository/STM32Cube_FW_F4_V1.26.2/Drivers/CMSIS/Include -I../USB_DEVICE/App -I../USB_DEVICE/Target -IC:/Users/zmtan/STM32Cube/Repository/STM32Cube_FW_F4_V1.26.2/Middlewares/ST/STM32_USB_Device_Library/Core/Inc -IC:/Users/zmtan/STM32Cube/Repository/STM32Cube_FW_F4_V1.26.2/Middlewares/ST/STM32_USB_Device_Library/Class/CDC/Inc -O0 -ffunction-sections -fdata-sections -Wall -fstack-usage -MMD -MP -MF"Drivers/STM32F4xx_HAL_Driver/stm32f4xx_hal_pwr.d" -MT"Drivers/STM32F4xx_HAL_Driver/stm32f4xx_hal_pwr.o" --specs=nano.specs -mfpu=fpv4-sp-d16 -mfloat-abi=hard -mthumb -o "Drivers/STM32F4xx_HAL_Driver/stm32f4xx_hal_pwr.o"
arm-none-eabi-gcc "C:/Users/zmtan/STM32Cube/Repository/STM32Cube_FW_F4_V1.26.2/Drivers/STM32F4xx_HAL_Driver/Src/stm32f4xx_hal_pwr_ex.c" -mcpu=cortex-m4 -std=gnu11 -g3 -DDEBUG -DUSE_HAL_DRIVER -DSTM32F407xx -c -I../Core/Inc -IC:/Users/zmtan/STM32Cube/Repository/STM32Cube_FW_F4_V1.26.2/Drivers/STM32F4xx_HAL_Driver/Inc -IC:/Users/zmtan/STM32Cube/Repository/STM32Cube_FW_F4_V1.26.2/Drivers/STM32F4xx_HAL_Driver/Inc/Legacy -IC:/Users/zmtan/STM32Cube/Repository/STM32Cube_FW_F4_V1.26.2/Drivers/CMSIS/Device/ST/STM32F4xx/Include -IC:/Users/zmtan/STM32Cube/Repository/STM32Cube_FW_F4_V1.26.2/Drivers/CMSIS/Include -I../USB_DEVICE/App -I../USB_DEVICE/Target -IC:/Users/zmtan/STM32Cube/Repository/STM32Cube_FW_F4_V1.26.2/Middlewares/ST/STM32_USB_Device_Library/Core/Inc -IC:/Users/zmtan/STM32Cube/Repository/STM32Cube_FW_F4_V1.26.2/Middlewares/ST/STM32_USB_Device_Library/Class/CDC/Inc -O0 -ffunction-sections -fdata-sections -Wall -fstack-usage -MMD -MP -MF"Drivers/STM32F4xx_HAL_Driver/stm32f4xx_hal_pwr_ex.d" -MT"Drivers/STM32F4xx_HAL_Driver/stm32f4xx_hal_pwr_ex.o" --specs=nano.specs -mfpu=fpv4-sp-d16 -mfloat-abi=hard -mthumb -o "Drivers/STM32F4xx_HAL_Driver/stm32f4xx_hal_pwr_ex.o"
arm-none-eabi-gcc "C:/Users/zmtan/STM32Cube/Repository/STM32Cube_FW_F4_V1.26.2/Drivers/STM32F4xx_HAL_Driver/Src/stm32f4xx_hal_rcc.c" -mcpu=cortex-m4 -std=gnu11 -g3 -DDEBUG -DUSE_HAL_DRIVER -DSTM32F407xx -c -I../Core/Inc -IC:/Users/zmtan/STM32Cube/Repository/STM32Cube_FW_F4_V1.26.2/Drivers/STM32F4xx_HAL_Driver/Inc -IC:/Users/zmtan/STM32Cube/Repository/STM32Cube_FW_F4_V1.26.2/Drivers/STM32F4xx_HAL_Driver/Inc/Legacy -IC:/Users/zmtan/STM32Cube/Repository/STM32Cube_FW_F4_V1.26.2/Drivers/CMSIS/Device/ST/STM32F4xx/Include -IC:/Users/zmtan/STM32Cube/Repository/STM32Cube_FW_F4_V1.26.2/Drivers/CMSIS/Include -I../USB_DEVICE/App -I../USB_DEVICE/Target -IC:/Users/zmtan/STM32Cube/Repository/STM32Cube_FW_F4_V1.26.2/Middlewares/ST/STM32_USB_Device_Library/Core/Inc -IC:/Users/zmtan/STM32Cube/Repository/STM32Cube_FW_F4_V1.26.2/Middlewares/ST/STM32_USB_Device_Library/Class/CDC/Inc -O0 -ffunction-sections -fdata-sections -Wall -fstack-usage -MMD -MP -MF"Drivers/STM32F4xx_HAL_Driver/stm32f4xx_hal_rcc.d" -MT"Drivers/STM32F4xx_HAL_Driver/stm32f4xx_hal_rcc.o" --specs=nano.specs -mfpu=fpv4-sp-d16 -mfloat-abi=hard -mthumb -o "Drivers/STM32F4xx_HAL_Driver/stm32f4xx_hal_rcc.o"
arm-none-eabi-gcc "C:/Users/zmtan/STM32Cube/Repository/STM32Cube_FW_F4_V1.26.2/Drivers/STM32F4xx_HAL_Driver/Src/stm32f4xx_hal_rcc_ex.c" -mcpu=cortex-m4 -std=gnu11 -g3 -DDEBUG -DUSE_HAL_DRIVER -DSTM32F407xx -c -I../Core/Inc -IC:/Users/zmtan/STM32Cube/Repository/STM32Cube_FW_F4_V1.26.2/Drivers/STM32F4xx_HAL_Driver/Inc -IC:/Users/zmtan/STM32Cube/Repository/STM32Cube_FW_F4_V1.26.2/Drivers/STM32F4xx_HAL_Driver/Inc/Legacy -IC:/Users/zmtan/STM32Cube/Repository/STM32Cube_FW_F4_V1.26.2/Drivers/CMSIS/Device/ST/STM32F4xx/Include -IC:/Users/zmtan/STM32Cube/Repository/STM32Cube_FW_F4_V1.26.2/Drivers/CMSIS/Include -I../USB_DEVICE/App -I../USB_DEVICE/Target -IC:/Users/zmtan/STM32Cube/Repository/STM32Cube_FW_F4_V1.26.2/Middlewares/ST/STM32_USB_Device_Library/Core/Inc -IC:/Users/zmtan/STM32Cube/Repository/STM32Cube_FW_F4_V1.26.2/Middlewares/ST/STM32_USB_Device_Library/Class/CDC/Inc -O0 -ffunction-sections -fdata-sections -Wall -fstack-usage -MMD -MP -MF"Drivers/STM32F4xx_HAL_Driver/stm32f4xx_hal_rcc_ex.d" -MT"Drivers/STM32F4xx_HAL_Driver/stm32f4xx_hal_rcc_ex.o" --specs=nano.specs -mfpu=fpv4-sp-d16 -mfloat-abi=hard -mthumb -o "Drivers/STM32F4xx_HAL_Driver/stm32f4xx_hal_rcc_ex.o"
arm-none-eabi-gcc "C:/Users/zmtan/STM32Cube/Repository/STM32Cube_FW_F4_V1.26.2/Drivers/STM32F4xx_HAL_Driver/Src/stm32f4xx_hal_tim.c" -mcpu=cortex-m4 -std=gnu11 -g3 -DDEBUG -DUSE_HAL_DRIVER -DSTM32F407xx -c -I../Core/Inc -IC:/Users/zmtan/STM32Cube/Repository/STM32Cube_FW_F4_V1.26.2/Drivers/STM32F4xx_HAL_Driver/Inc -IC:/Users/zmtan/STM32Cube/Repository/STM32Cube_FW_F4_V1.26.2/Drivers/STM32F4xx_HAL_Driver/Inc/Legacy -IC:/Users/zmtan/STM32Cube/Repository/STM32Cube_FW_F4_V1.26.2/Drivers/CMSIS/Device/ST/STM32F4xx/Include -IC:/Users/zmtan/STM32Cube/Repository/STM32Cube_FW_F4_V1.26.2/Drivers/CMSIS/Include -I../USB_DEVICE/App -I../USB_DEVICE/Target -IC:/Users/zmtan/STM32Cube/Repository/STM32Cube_FW_F4_V1.26.2/Middlewares/ST/STM32_USB_Device_Library/Core/Inc -IC:/Users/zmtan/STM32Cube/Repository/STM32Cube_FW_F4_V1.26.2/Middlewares/ST/STM32_USB_Device_Library/Class/CDC/Inc -O0 -ffunction-sections -fdata-sections -Wall -fstack-usage -MMD -MP -MF"Drivers/STM32F4xx_HAL_Driver/stm32f4xx_hal_tim.d" -MT"Drivers/STM32F4xx_HAL_Driver/stm32f4xx_hal_tim.o" --specs=nano.specs -mfpu=fpv4-sp-d16 -mfloat-abi=hard -mthumb -o "Drivers/STM32F4xx_HAL_Driver/stm32f4xx_hal_tim.o"
arm-none-eabi-gcc "C:/Users/zmtan/STM32Cube/Repository/STM32Cube_FW_F4_V1.26.2/Drivers/STM32F4xx_HAL_Driver/Src/stm32f4xx_hal_tim_ex.c" -mcpu=cortex-m4 -std=gnu11 -g3 -DDEBUG -DUSE_HAL_DRIVER -DSTM32F407xx -c -I../Core/Inc -IC:/Users/zmtan/STM32Cube/Repository/STM32Cube_FW_F4_V1.26.2/Drivers/STM32F4xx_HAL_Driver/Inc -IC:/Users/zmtan/STM32Cube/Repository/STM32Cube_FW_F4_V1.26.2/Drivers/STM32F4xx_HAL_Driver/Inc/Legacy -IC:/Users/zmtan/STM32Cube/Repository/STM32Cube_FW_F4_V1.26.2/Drivers/CMSIS/Device/ST/STM32F4xx/Include -IC:/Users/zmtan/STM32Cube/Repository/STM32Cube_FW_F4_V1.26.2/Drivers/CMSIS/Include -I../USB_DEVICE/App -I../USB_DEVICE/Target -IC:/Users/zmtan/STM32Cube/Repository/STM32Cube_FW_F4_V1.26.2/Middlewares/ST/STM32_USB_Device_Library/Core/Inc -IC:/Users/zmtan/STM32Cube/Repository/STM32Cube_FW_F4_V1.26.2/Middlewares/ST/STM32_USB_Device_Library/Class/CDC/Inc -O0 -ffunction-sections -fdata-sections -Wall -fstack-usage -MMD -MP -MF"Drivers/STM32F4xx_HAL_Driver/stm32f4xx_hal_tim_ex.d" -MT"Drivers/STM32F4xx_HAL_Driver/stm32f4xx_hal_tim_ex.o" --specs=nano.specs -mfpu=fpv4-sp-d16 -mfloat-abi=hard -mthumb -o "Drivers/STM32F4xx_HAL_Driver/stm32f4xx_hal_tim_ex.o"
arm-none-eabi-gcc "C:/Users/zmtan/STM32Cube/Repository/STM32Cube_FW_F4_V1.26.2/Drivers/STM32F4xx_HAL_Driver/Src/stm32f4xx_ll_usb.c" -mcpu=cortex-m4 -std=gnu11 -g3 -DDEBUG -DUSE_HAL_DRIVER -DSTM32F407xx -c -I../Core/Inc -IC:/Users/zmtan/STM32Cube/Repository/STM32Cube_FW_F4_V1.26.2/Drivers/STM32F4xx_HAL_Driver/Inc -IC:/Users/zmtan/STM32Cube/Repository/STM32Cube_FW_F4_V1.26.2/Drivers/STM32F4xx_HAL_Driver/Inc/Legacy -IC:/Users/zmtan/STM32Cube/Repository/STM32Cube_FW_F4_V1.26.2/Drivers/CMSIS/Device/ST/STM32F4xx/Include -IC:/Users/zmtan/STM32Cube/Repository/STM32Cube_FW_F4_V1.26.2/Drivers/CMSIS/Include -I../USB_DEVICE/App -I../USB_DEVICE/Target -IC:/Users/zmtan/STM32Cube/Repository/STM32Cube_FW_F4_V1.26.2/Middlewares/ST/STM32_USB_Device_Library/Core/Inc -IC:/Users/zmtan/STM32Cube/Repository/STM32Cube_FW_F4_V1.26.2/Middlewares/ST/STM32_USB_Device_Library/Class/CDC/Inc -O0 -ffunction-sections -fdata-sections -Wall -fstack-usage -MMD -MP -MF"Drivers/STM32F4xx_HAL_Driver/stm32f4xx_ll_usb.d" -MT"Drivers/STM32F4xx_HAL_Driver/stm32f4xx_ll_usb.o" --specs=nano.specs -mfpu=fpv4-sp-d16 -mfloat-abi=hard -mthumb -o "Drivers/STM32F4xx_HAL_Driver/stm32f4xx_ll_usb.o"
arm-none-eabi-gcc -mcpu=cortex-m4 -g3 -DDEBUG -c -x assembler-with-cpp -MMD -MP -MF"Core/Startup/startup_stm32f407vetx.d" -MT"Core/Startup/startup_stm32f407vetx.o" --specs=nano.specs -mfpu=fpv4-sp-d16 -mfloat-abi=hard -mthumb -o "Core/Startup/startup_stm32f407vetx.o" "../Core/Startup/startup_stm32f407vetx.s"
arm-none-eabi-gcc "../Core/Src/can.c" -mcpu=cortex-m4 -std=gnu11 -g3 -DDEBUG -DUSE_HAL_DRIVER -DSTM32F407xx -c -I../Core/Inc -IC:/Users/zmtan/STM32Cube/Repository/STM32Cube_FW_F4_V1.26.2/Drivers/STM32F4xx_HAL_Driver/Inc -IC:/Users/zmtan/STM32Cube/Repository/STM32Cube_FW_F4_V1.26.2/Drivers/STM32F4xx_HAL_Driver/Inc/Legacy -IC:/Users/zmtan/STM32Cube/Repository/STM32Cube_FW_F4_V1.26.2/Drivers/CMSIS/Device/ST/STM32F4xx/Include -IC:/Users/zmtan/STM32Cube/Repository/STM32Cube_FW_F4_V1.26.2/Drivers/CMSIS/Include -I../USB_DEVICE/App -I../USB_DEVICE/Target -IC:/Users/zmtan/STM32Cube/Repository/STM32Cube_FW_F4_V1.26.2/Middlewares/ST/STM32_USB_Device_Library/Core/Inc -IC:/Users/zmtan/STM32Cube/Repository/STM32Cube_FW_F4_V1.26.2/Middlewares/ST/STM32_USB_Device_Library/Class/CDC/Inc -O0 -ffunction-sections -fdata-sections -Wall -fstack-usage -MMD -MP -MF"Core/Src/can.d" -MT"Core/Src/can.o" --specs=nano.specs -mfpu=fpv4-sp-d16 -mfloat-abi=hard -mthumb -o "Core/Src/can.o"
arm-none-eabi-gcc "../Core/Src/gpio.c" -mcpu=cortex-m4 -std=gnu11 -g3 -DDEBUG -DUSE_HAL_DRIVER -DSTM32F407xx -c -I../Core/Inc -IC:/Users/zmtan/STM32Cube/Repository/STM32Cube_FW_F4_V1.26.2/Drivers/STM32F4xx_HAL_Driver/Inc -IC:/Users/zmtan/STM32Cube/Repository/STM32Cube_FW_F4_V1.26.2/Drivers/STM32F4xx_HAL_Driver/Inc/Legacy -IC:/Users/zmtan/STM32Cube/Repository/STM32Cube_FW_F4_V1.26.2/Drivers/CMSIS/Device/ST/STM32F4xx/Include -IC:/Users/zmtan/STM32Cube/Repository/STM32Cube_FW_F4_V1.26.2/Drivers/CMSIS/Include -I../USB_DEVICE/App -I../USB_DEVICE/Target -IC:/Users/zmtan/STM32Cube/Repository/STM32Cube_FW_F4_V1.26.2/Middlewares/ST/STM32_USB_Device_Library/Core/Inc -IC:/Users/zmtan/STM32Cube/Repository/STM32Cube_FW_F4_V1.26.2/Middlewares/ST/STM32_USB_Device_Library/Class/CDC/Inc -O0 -ffunction-sections -fdata-sections -Wall -fstack-usage -MMD -MP -MF"Core/Src/gpio.d" -MT"Core/Src/gpio.o" --specs=nano.specs -mfpu=fpv4-sp-d16 -mfloat-abi=hard -mthumb -o "Core/Src/gpio.o"
arm-none-eabi-gcc "../Core/Src/main.c" -mcpu=cortex-m4 -std=gnu11 -g3 -DDEBUG -DUSE_HAL_DRIVER -DSTM32F407xx -c -I../Core/Inc -IC:/Users/zmtan/STM32Cube/Repository/STM32Cube_FW_F4_V1.26.2/Drivers/STM32F4xx_HAL_Driver/Inc -IC:/Users/zmtan/STM32Cube/Repository/STM32Cube_FW_F4_V1.26.2/Drivers/STM32F4xx_HAL_Driver/Inc/Legacy -IC:/Users/zmtan/STM32Cube/Repository/STM32Cube_FW_F4_V1.26.2/Drivers/CMSIS/Device/ST/STM32F4xx/Include -IC:/Users/zmtan/STM32Cube/Repository/STM32Cube_FW_F4_V1.26.2/Drivers/CMSIS/Include -I../USB_DEVICE/App -I../USB_DEVICE/Target -IC:/Users/zmtan/STM32Cube/Repository/STM32Cube_FW_F4_V1.26.2/Middlewares/ST/STM32_USB_Device_Library/Core/Inc -IC:/Users/zmtan/STM32Cube/Repository/STM32Cube_FW_F4_V1.26.2/Middlewares/ST/STM32_USB_Device_Library/Class/CDC/Inc -O0 -ffunction-sections -fdata-sections -Wall -fstack-usage -MMD -MP -MF"Core/Src/main.d" -MT"Core/Src/main.o" --specs=nano.specs -mfpu=fpv4-sp-d16 -mfloat-abi=hard -mthumb -o "Core/Src/main.o"
arm-none-eabi-gcc "../Core/Src/stm32f4xx_hal_msp.c" -mcpu=cortex-m4 -std=gnu11 -g3 -DDEBUG -DUSE_HAL_DRIVER -DSTM32F407xx -c -I../Core/Inc -IC:/Users/zmtan/STM32Cube/Repository/STM32Cube_FW_F4_V1.26.2/Drivers/STM32F4xx_HAL_Driver/Inc -IC:/Users/zmtan/STM32Cube/Repository/STM32Cube_FW_F4_V1.26.2/Drivers/STM32F4xx_HAL_Driver/Inc/Legacy -IC:/Users/zmtan/STM32Cube/Repository/STM32Cube_FW_F4_V1.26.2/Drivers/CMSIS/Device/ST/STM32F4xx/Include -IC:/Users/zmtan/STM32Cube/Repository/STM32Cube_FW_F4_V1.26.2/Drivers/CMSIS/Include -I../USB_DEVICE/App -I../USB_DEVICE/Target -IC:/Users/zmtan/STM32Cube/Repository/STM32Cube_FW_F4_V1.26.2/Middlewares/ST/STM32_USB_Device_Library/Core/Inc -IC:/Users/zmtan/STM32Cube/Repository/STM32Cube_FW_F4_V1.26.2/Middlewares/ST/STM32_USB_Device_Library/Class/CDC/Inc -O0 -ffunction-sections -fdata-sections -Wall -fstack-usage -MMD -MP -MF"Core/Src/stm32f4xx_hal_msp.d" -MT"Core/Src/stm32f4xx_hal_msp.o" --specs=nano.specs -mfpu=fpv4-sp-d16 -mfloat-abi=hard -mthumb -o "Core/Src/stm32f4xx_hal_msp.o"
arm-none-eabi-gcc "../Core/Src/stm32f4xx_it.c" -mcpu=cortex-m4 -std=gnu11 -g3 -DDEBUG -DUSE_HAL_DRIVER -DSTM32F407xx -c -I../Core/Inc -IC:/Users/zmtan/STM32Cube/Repository/STM32Cube_FW_F4_V1.26.2/Drivers/STM32F4xx_HAL_Driver/Inc -IC:/Users/zmtan/STM32Cube/Repository/STM32Cube_FW_F4_V1.26.2/Drivers/STM32F4xx_HAL_Driver/Inc/Legacy -IC:/Users/zmtan/STM32Cube/Repository/STM32Cube_FW_F4_V1.26.2/Drivers/CMSIS/Device/ST/STM32F4xx/Include -IC:/Users/zmtan/STM32Cube/Repository/STM32Cube_FW_F4_V1.26.2/Drivers/CMSIS/Include -I../USB_DEVICE/App -I../USB_DEVICE/Target -IC:/Users/zmtan/STM32Cube/Repository/STM32Cube_FW_F4_V1.26.2/Middlewares/ST/STM32_USB_Device_Library/Core/Inc -IC:/Users/zmtan/STM32Cube/Repository/STM32Cube_FW_F4_V1.26.2/Middlewares/ST/STM32_USB_Device_Library/Class/CDC/Inc -O0 -ffunction-sections -fdata-sections -Wall -fstack-usage -MMD -MP -MF"Core/Src/stm32f4xx_it.d" -MT"Core/Src/stm32f4xx_it.o" --specs=nano.specs -mfpu=fpv4-sp-d16 -mfloat-abi=hard -mthumb -o "Core/Src/stm32f4xx_it.o"
arm-none-eabi-gcc "../Core/Src/syscalls.c" -mcpu=cortex-m4 -std=gnu11 -g3 -DDEBUG -DUSE_HAL_DRIVER -DSTM32F407xx -c -I../Core/Inc -IC:/Users/zmtan/STM32Cube/Repository/STM32Cube_FW_F4_V1.26.2/Drivers/STM32F4xx_HAL_Driver/Inc -IC:/Users/zmtan/STM32Cube/Repository/STM32Cube_FW_F4_V1.26.2/Drivers/STM32F4xx_HAL_Driver/Inc/Legacy -IC:/Users/zmtan/STM32Cube/Repository/STM32Cube_FW_F4_V1.26.2/Drivers/CMSIS/Device/ST/STM32F4xx/Include -IC:/Users/zmtan/STM32Cube/Repository/STM32Cube_FW_F4_V1.26.2/Drivers/CMSIS/Include -I../USB_DEVICE/App -I../USB_DEVICE/Target -IC:/Users/zmtan/STM32Cube/Repository/STM32Cube_FW_F4_V1.26.2/Middlewares/ST/STM32_USB_Device_Library/Core/Inc -IC:/Users/zmtan/STM32Cube/Repository/STM32Cube_FW_F4_V1.26.2/Middlewares/ST/STM32_USB_Device_Library/Class/CDC/Inc -O0 -ffunction-sections -fdata-sections -Wall -fstack-usage -MMD -MP -MF"Core/Src/syscalls.d" -MT"Core/Src/syscalls.o" --specs=nano.specs -mfpu=fpv4-sp-d16 -mfloat-abi=hard -mthumb -o "Core/Src/syscalls.o"
arm-none-eabi-gcc "../Core/Src/sysmem.c" -mcpu=cortex-m4 -std=gnu11 -g3 -DDEBUG -DUSE_HAL_DRIVER -DSTM32F407xx -c -I../Core/Inc -IC:/Users/zmtan/STM32Cube/Repository/STM32Cube_FW_F4_V1.26.2/Drivers/STM32F4xx_HAL_Driver/Inc -IC:/Users/zmtan/STM32Cube/Repository/STM32Cube_FW_F4_V1.26.2/Drivers/STM32F4xx_HAL_Driver/Inc/Legacy -IC:/Users/zmtan/STM32Cube/Repository/STM32Cube_FW_F4_V1.26.2/Drivers/CMSIS/Device/ST/STM32F4xx/Include -IC:/Users/zmtan/STM32Cube/Repository/STM32Cube_FW_F4_V1.26.2/Drivers/CMSIS/Include -I../USB_DEVICE/App -I../USB_DEVICE/Target -IC:/Users/zmtan/STM32Cube/Repository/STM32Cube_FW_F4_V1.26.2/Middlewares/ST/STM32_USB_Device_Library/Core/Inc -IC:/Users/zmtan/STM32Cube/Repository/STM32Cube_FW_F4_V1.26.2/Middlewares/ST/STM32_USB_Device_Library/Class/CDC/Inc -O0 -ffunction-sections -fdata-sections -Wall -fstack-usage -MMD -MP -MF"Core/Src/sysmem.d" -MT"Core/Src/sysmem.o" --specs=nano.specs -mfpu=fpv4-sp-d16 -mfloat-abi=hard -mthumb -o "Core/Src/sysmem.o"
arm-none-eabi-gcc "../Core/Src/system_stm32f4xx.c" -mcpu=cortex-m4 -std=gnu11 -g3 -DDEBUG -DUSE_HAL_DRIVER -DSTM32F407xx -c -I../Core/Inc -IC:/Users/zmtan/STM32Cube/Repository/STM32Cube_FW_F4_V1.26.2/Drivers/STM32F4xx_HAL_Driver/Inc -IC:/Users/zmtan/STM32Cube/Repository/STM32Cube_FW_F4_V1.26.2/Drivers/STM32F4xx_HAL_Driver/Inc/Legacy -IC:/Users/zmtan/STM32Cube/Repository/STM32Cube_FW_F4_V1.26.2/Drivers/CMSIS/Device/ST/STM32F4xx/Include -IC:/Users/zmtan/STM32Cube/Repository/STM32Cube_FW_F4_V1.26.2/Drivers/CMSIS/Include -I../USB_DEVICE/App -I../USB_DEVICE/Target -IC:/Users/zmtan/STM32Cube/Repository/STM32Cube_FW_F4_V1.26.2/Middlewares/ST/STM32_USB_Device_Library/Core/Inc -IC:/Users/zmtan/STM32Cube/Repository/STM32Cube_FW_F4_V1.26.2/Middlewares/ST/STM32_USB_Device_Library/Class/CDC/Inc -O0 -ffunction-sections -fdata-sections -Wall -fstack-usage -MMD -MP -MF"Core/Src/system_stm32f4xx.d" -MT"Core/Src/system_stm32f4xx.o" --specs=nano.specs -mfpu=fpv4-sp-d16 -mfloat-abi=hard -mthumb -o "Core/Src/system_stm32f4xx.o"
arm-none-eabi-gcc "../Core/Src/tim.c" -mcpu=cortex-m4 -std=gnu11 -g3 -DDEBUG -DUSE_HAL_DRIVER -DSTM32F407xx -c -I../Core/Inc -IC:/Users/zmtan/STM32Cube/Repository/STM32Cube_FW_F4_V1.26.2/Drivers/STM32F4xx_HAL_Driver/Inc -IC:/Users/zmtan/STM32Cube/Repository/STM32Cube_FW_F4_V1.26.2/Drivers/STM32F4xx_HAL_Driver/Inc/Legacy -IC:/Users/zmtan/STM32Cube/Repository/STM32Cube_FW_F4_V1.26.2/Drivers/CMSIS/Device/ST/STM32F4xx/Include -IC:/Users/zmtan/STM32Cube/Repository/STM32Cube_FW_F4_V1.26.2/Drivers/CMSIS/Include -I../USB_DEVICE/App -I../USB_DEVICE/Target -IC:/Users/zmtan/STM32Cube/Repository/STM32Cube_FW_F4_V1.26.2/Middlewares/ST/STM32_USB_Device_Library/Core/Inc -IC:/Users/zmtan/STM32Cube/Repository/STM32Cube_FW_F4_V1.26.2/Middlewares/ST/STM32_USB_Device_Library/Class/CDC/Inc -O0 -ffunction-sections -fdata-sections -Wall -fstack-usage -MMD -MP -MF"Core/Src/tim.d" -MT"Core/Src/tim.o" --specs=nano.specs -mfpu=fpv4-sp-d16 -mfloat-abi=hard -mthumb -o "Core/Src/tim.o"
arm-none-eabi-gcc -o "battery_readerV1.elf" @"objects.list"   -mcpu=cortex-m4 -T"D:\OneDrive - The University of Nottingham Ningbo China\STUDY\ZMtangyuan\Formular Student\Materials of the Battery box\Battery reader\battery_readerV1\STM32F407VETX_FLASH.ld" --specs=nosys.specs -Wl,-Map="battery_readerV1.map" -Wl,--gc-sections -static --specs=nano.specs -mfpu=fpv4-sp-d16 -mfloat-abi=hard -mthumb -Wl,--start-group -lc -lm -Wl,--end-group
Finished building target: battery_readerV1.elf
 
arm-none-eabi-size   battery_readerV1.elf 
arm-none-eabi-objdump -h -S  battery_readerV1.elf  > "battery_readerV1.list"
arm-none-eabi-objcopy  -O binary  battery_readerV1.elf  "battery_readerV1.bin"
   text	   data	    bss	    dec	    hex	filename
  30552	    392	   8632	  39576	   9a98	battery_readerV1.elf
Finished building: default.size.stdout
 
Finished building: battery_readerV1.bin
 
Finished building: battery_readerV1.list
 

19:28:02 Build Finished. 0 errors, 0 warnings. (took 3s.507ms)

