00:57:36 **** Incremental Build of configuration Debug for project FMS_BMS ****
make -j12 all 
arm-none-eabi-gcc "../Core/Src/main.c" -mcpu=cortex-m4 -std=gnu11 -g3 -DDEBUG -DUSE_HAL_DRIVER -DSTM32F407xx -c -I../Core/Inc -IC:/Users/zmtan/STM32Cube/Repository/STM32Cube_FW_F4_V1.26.2/Drivers/STM32F4xx_HAL_Driver/Inc -IC:/Users/zmtan/STM32Cube/Repository/STM32Cube_FW_F4_V1.26.2/Drivers/STM32F4xx_HAL_Driver/Inc/Legacy -IC:/Users/zmtan/STM32Cube/Repository/STM32Cube_FW_F4_V1.26.2/Drivers/CMSIS/Device/ST/STM32F4xx/Include -IC:/Users/zmtan/STM32Cube/Repository/STM32Cube_FW_F4_V1.26.2/Drivers/CMSIS/Include -O0 -ffunction-sections -fdata-sections -Wall -fstack-usage -MMD -MP -MF"Core/Src/main.d" -MT"Core/Src/main.o" --specs=nano.specs -mfpu=fpv4-sp-d16 -mfloat-abi=hard -mthumb -o "Core/Src/main.o"
arm-none-eabi-gcc -o "FMS_BMS.elf" @"objects.list"   -mcpu=cortex-m4 -T"D:\OneDrive - The University of Nottingham Ningbo China\GitHub\Formular Student\Battery\FMS_BMS\STM32F407VETX_FLASH.ld" --specs=nosys.specs -Wl,-Map="FMS_BMS.map" -Wl,--gc-sections -static --specs=nano.specs -mfpu=fpv4-sp-d16 -mfloat-abi=hard -mthumb -Wl,--start-group -lc -lm -Wl,--end-group
Finished building target: FMS_BMS.elf
 
arm-none-eabi-size   FMS_BMS.elf 
arm-none-eabi-objdump -h -S  FMS_BMS.elf  > "FMS_BMS.list"
arm-none-eabi-objcopy  -O binary  FMS_BMS.elf  "FMS_BMS.bin"
   text	   data	    bss	    dec	    hex	filename
   5764	     20	   1572	   7356	   1cbc	FMS_BMS.elf
Finished building: default.size.stdout
 
Finished building: FMS_BMS.bin
Finished building: FMS_BMS.list
 
 
00:57:44 **** Incremental Build of configuration Debug for project FMS_BMS ****
make -j12 all 
arm-none-eabi-size   FMS_BMS.elf 
   text	   data	    bss	    dec	    hex	filename
   5764	     20	   1572	   7356	   1cbc	FMS_BMS.elf
Finished building: default.size.stdout
 
