Archive member included to satisfy reference by file (symbol)

d:/program files/st/stm32cubeide_1.8.0/stm32cubeide/plugins/com.st.stm32cube.ide.mcu.externaltools.gnu-tools-for-stm32.9-2020-q2-update.win32_2.0.0.202105311346/tools/bin/../lib/gcc/arm-none-eabi/9.3.1/../../../../arm-none-eabi/lib/thumb/v7e-m+fp/hard\libc_nano.a(lib_a-errno.o)
                              ./Core/Src/syscalls.o (__errno)
d:/program files/st/stm32cubeide_1.8.0/stm32cubeide/plugins/com.st.stm32cube.ide.mcu.externaltools.gnu-tools-for-stm32.9-2020-q2-update.win32_2.0.0.202105311346/tools/bin/../lib/gcc/arm-none-eabi/9.3.1/../../../../arm-none-eabi/lib/thumb/v7e-m+fp/hard\libc_nano.a(lib_a-exit.o)
                              d:/program files/st/stm32cubeide_1.8.0/stm32cubeide/plugins/com.st.stm32cube.ide.mcu.externaltools.gnu-tools-for-stm32.9-2020-q2-update.win32_2.0.0.202105311346/tools/bin/../lib/gcc/arm-none-eabi/9.3.1/../../../../arm-none-eabi/lib/thumb/v7e-m+fp/hard/crt0.o (exit)
d:/program files/st/stm32cubeide_1.8.0/stm32cubeide/plugins/com.st.stm32cube.ide.mcu.externaltools.gnu-tools-for-stm32.9-2020-q2-update.win32_2.0.0.202105311346/tools/bin/../lib/gcc/arm-none-eabi/9.3.1/../../../../arm-none-eabi/lib/thumb/v7e-m+fp/hard\libc_nano.a(lib_a-impure.o)
                              d:/program files/st/stm32cubeide_1.8.0/stm32cubeide/plugins/com.st.stm32cube.ide.mcu.externaltools.gnu-tools-for-stm32.9-2020-q2-update.win32_2.0.0.202105311346/tools/bin/../lib/gcc/arm-none-eabi/9.3.1/../../../../arm-none-eabi/lib/thumb/v7e-m+fp/hard\libc_nano.a(lib_a-exit.o) (_global_impure_ptr)
d:/program files/st/stm32cubeide_1.8.0/stm32cubeide/plugins/com.st.stm32cube.ide.mcu.externaltools.gnu-tools-for-stm32.9-2020-q2-update.win32_2.0.0.202105311346/tools/bin/../lib/gcc/arm-none-eabi/9.3.1/../../../../arm-none-eabi/lib/thumb/v7e-m+fp/hard\libc_nano.a(lib_a-init.o)
                              d:/program files/st/stm32cubeide_1.8.0/stm32cubeide/plugins/com.st.stm32cube.ide.mcu.externaltools.gnu-tools-for-stm32.9-2020-q2-update.win32_2.0.0.202105311346/tools/bin/../lib/gcc/arm-none-eabi/9.3.1/../../../../arm-none-eabi/lib/thumb/v7e-m+fp/hard/crt0.o (__libc_init_array)
d:/program files/st/stm32cubeide_1.8.0/stm32cubeide/plugins/com.st.stm32cube.ide.mcu.externaltools.gnu-tools-for-stm32.9-2020-q2-update.win32_2.0.0.202105311346/tools/bin/../lib/gcc/arm-none-eabi/9.3.1/../../../../arm-none-eabi/lib/thumb/v7e-m+fp/hard\libc_nano.a(lib_a-memset.o)
                              d:/program files/st/stm32cubeide_1.8.0/stm32cubeide/plugins/com.st.stm32cube.ide.mcu.externaltools.gnu-tools-for-stm32.9-2020-q2-update.win32_2.0.0.202105311346/tools/bin/../lib/gcc/arm-none-eabi/9.3.1/../../../../arm-none-eabi/lib/thumb/v7e-m+fp/hard/crt0.o (memset)
d:/program files/st/stm32cubeide_1.8.0/stm32cubeide/plugins/com.st.stm32cube.ide.mcu.externaltools.gnu-tools-for-stm32.9-2020-q2-update.win32_2.0.0.202105311346/tools/bin/../lib/gcc/arm-none-eabi/9.3.1/thumb/v7e-m+fp/hard\libgcc.a(_aeabi_uldivmod.o)
                              ./Drivers/STM32F4xx_HAL_Driver/stm32f4xx_hal_rcc.o (__aeabi_uldivmod)
d:/program files/st/stm32cubeide_1.8.0/stm32cubeide/plugins/com.st.stm32cube.ide.mcu.externaltools.gnu-tools-for-stm32.9-2020-q2-update.win32_2.0.0.202105311346/tools/bin/../lib/gcc/arm-none-eabi/9.3.1/thumb/v7e-m+fp/hard\libgcc.a(_udivmoddi4.o)
                              d:/program files/st/stm32cubeide_1.8.0/stm32cubeide/plugins/com.st.stm32cube.ide.mcu.externaltools.gnu-tools-for-stm32.9-2020-q2-update.win32_2.0.0.202105311346/tools/bin/../lib/gcc/arm-none-eabi/9.3.1/thumb/v7e-m+fp/hard\libgcc.a(_aeabi_uldivmod.o) (__udivmoddi4)
d:/program files/st/stm32cubeide_1.8.0/stm32cubeide/plugins/com.st.stm32cube.ide.mcu.externaltools.gnu-tools-for-stm32.9-2020-q2-update.win32_2.0.0.202105311346/tools/bin/../lib/gcc/arm-none-eabi/9.3.1/thumb/v7e-m+fp/hard\libgcc.a(_dvmd_tls.o)
                              d:/program files/st/stm32cubeide_1.8.0/stm32cubeide/plugins/com.st.stm32cube.ide.mcu.externaltools.gnu-tools-for-stm32.9-2020-q2-update.win32_2.0.0.202105311346/tools/bin/../lib/gcc/arm-none-eabi/9.3.1/thumb/v7e-m+fp/hard\libgcc.a(_aeabi_uldivmod.o) (__aeabi_ldiv0)

Allocating common symbols
Common symbol       size              file

hUsbDeviceFS        0x2d0             ./USB_DEVICE/App/usb_device.o
hpcd_USB_OTG_FS     0x408             ./USB_DEVICE/Target/usbd_conf.o
uwTick              0x4               ./Drivers/STM32F4xx_HAL_Driver/stm32f4xx_hal.o
pFlash              0x20              ./Drivers/STM32F4xx_HAL_Driver/stm32f4xx_hal_flash.o
UserRxBufferFS      0x800             ./USB_DEVICE/App/usbd_cdc_if.o
hcan2               0x28              ./Core/Src/can.o
UserTxBufferFS      0x800             ./USB_DEVICE/App/usbd_cdc_if.o
htim2               0x48              ./Core/Src/tim.o
hcan1               0x28              ./Core/Src/can.o
USBD_StrDesc        0x200             ./USB_DEVICE/App/usbd_desc.o

Discarded input sections

[...]
Memory Configuration

Name             Origin             Length             Attributes
CCMRAM           0x0000000010000000 0x0000000000010000 xrw
RAM              0x0000000020000000 0x0000000000020000 xrw
FLASH            0x0000000008000000 0x0000000000080000 xr
*default*        0x0000000000000000 0xffffffffffffffff

Linker script and memory map

LOAD d:/program files/st/stm32cubeide_1.8.0/stm32cubeide/plugins/com.st.stm32cube.ide.mcu.externaltools.gnu-tools-for-stm32.9-2020-q2-update.win32_2.0.0.202105311346/tools/bin/../lib/gcc/arm-none-eabi/9.3.1/thumb/v7e-m+fp/hard/crti.o
LOAD d:/program files/st/stm32cubeide_1.8.0/stm32cubeide/plugins/com.st.stm32cube.ide.mcu.externaltools.gnu-tools-for-stm32.9-2020-q2-update.win32_2.0.0.202105311346/tools/bin/../lib/gcc/arm-none-eabi/9.3.1/thumb/v7e-m+fp/hard/crtbegin.o
LOAD d:/program files/st/stm32cubeide_1.8.0/stm32cubeide/plugins/com.st.stm32cube.ide.mcu.externaltools.gnu-tools-for-stm32.9-2020-q2-update.win32_2.0.0.202105311346/tools/bin/../lib/gcc/arm-none-eabi/9.3.1/../../../../arm-none-eabi/lib/thumb/v7e-m+fp/hard/crt0.o
LOAD ./Core/Src/can.o
LOAD ./Core/Src/gpio.o
LOAD ./Core/Src/main.o
LOAD ./Core/Src/stm32f4xx_hal_msp.o
LOAD ./Core/Src/stm32f4xx_it.o
LOAD ./Core/Src/syscalls.o
LOAD ./Core/Src/sysmem.o
LOAD ./Core/Src/system_stm32f4xx.o
LOAD ./Core/Src/tim.o
LOAD ./Core/Startup/startup_stm32f407vetx.o
LOAD ./Drivers/STM32F4xx_HAL_Driver/stm32f4xx_hal.o
LOAD ./Drivers/STM32F4xx_HAL_Driver/stm32f4xx_hal_can.o
LOAD ./Drivers/STM32F4xx_HAL_Driver/stm32f4xx_hal_cortex.o
LOAD ./Drivers/STM32F4xx_HAL_Driver/stm32f4xx_hal_dma.o
LOAD ./Drivers/STM32F4xx_HAL_Driver/stm32f4xx_hal_dma_ex.o
LOAD ./Drivers/STM32F4xx_HAL_Driver/stm32f4xx_hal_exti.o
LOAD ./Drivers/STM32F4xx_HAL_Driver/stm32f4xx_hal_flash.o
LOAD ./Drivers/STM32F4xx_HAL_Driver/stm32f4xx_hal_flash_ex.o
LOAD ./Drivers/STM32F4xx_HAL_Driver/stm32f4xx_hal_flash_ramfunc.o
LOAD ./Drivers/STM32F4xx_HAL_Driver/stm32f4xx_hal_gpio.o
LOAD ./Drivers/STM32F4xx_HAL_Driver/stm32f4xx_hal_pcd.o
LOAD ./Drivers/STM32F4xx_HAL_Driver/stm32f4xx_hal_pcd_ex.o
LOAD ./Drivers/STM32F4xx_HAL_Driver/stm32f4xx_hal_pwr.o
LOAD ./Drivers/STM32F4xx_HAL_Driver/stm32f4xx_hal_pwr_ex.o
LOAD ./Drivers/STM32F4xx_HAL_Driver/stm32f4xx_hal_rcc.o
LOAD ./Drivers/STM32F4xx_HAL_Driver/stm32f4xx_hal_rcc_ex.o
LOAD ./Drivers/STM32F4xx_HAL_Driver/stm32f4xx_hal_tim.o
LOAD ./Drivers/STM32F4xx_HAL_Driver/stm32f4xx_hal_tim_ex.o
LOAD ./Drivers/STM32F4xx_HAL_Driver/stm32f4xx_ll_usb.o
LOAD ./Middlewares/USB_Device_Library/usbd_cdc.o
LOAD ./Middlewares/USB_Device_Library/usbd_core.o
LOAD ./Middlewares/USB_Device_Library/usbd_ctlreq.o
LOAD ./Middlewares/USB_Device_Library/usbd_ioreq.o
LOAD ./USB_DEVICE/App/usb_device.o
LOAD ./USB_DEVICE/App/usbd_cdc_if.o
LOAD ./USB_DEVICE/App/usbd_desc.o
LOAD ./USB_DEVICE/Target/usbd_conf.o
START GROUP
LOAD d:/program files/st/stm32cubeide_1.8.0/stm32cubeide/plugins/com.st.stm32cube.ide.mcu.externaltools.gnu-tools-for-stm32.9-2020-q2-update.win32_2.0.0.202105311346/tools/bin/../lib/gcc/arm-none-eabi/9.3.1/../../../../arm-none-eabi/lib/thumb/v7e-m+fp/hard\libc_nano.a
LOAD d:/program files/st/stm32cubeide_1.8.0/stm32cubeide/plugins/com.st.stm32cube.ide.mcu.externaltools.gnu-tools-for-stm32.9-2020-q2-update.win32_2.0.0.202105311346/tools/bin/../lib/gcc/arm-none-eabi/9.3.1/../../../../arm-none-eabi/lib/thumb/v7e-m+fp/hard\libm.a
END GROUP
START GROUP
LOAD d:/program files/st/stm32cubeide_1.8.0/stm32cubeide/plugins/com.st.stm32cube.ide.mcu.externaltools.gnu-tools-for-stm32.9-2020-q2-update.win32_2.0.0.202105311346/tools/bin/../lib/gcc/arm-none-eabi/9.3.1/thumb/v7e-m+fp/hard\libgcc.a
LOAD d:/program files/st/stm32cubeide_1.8.0/stm32cubeide/plugins/com.st.stm32cube.ide.mcu.externaltools.gnu-tools-for-stm32.9-2020-q2-update.win32_2.0.0.202105311346/tools/bin/../lib/gcc/arm-none-eabi/9.3.1/../../../../arm-none-eabi/lib/thumb/v7e-m+fp/hard\libc_nano.a
END GROUP
START GROUP
LOAD d:/program files/st/stm32cubeide_1.8.0/stm32cubeide/plugins/com.st.stm32cube.ide.mcu.externaltools.gnu-tools-for-stm32.9-2020-q2-update.win32_2.0.0.202105311346/tools/bin/../lib/gcc/arm-none-eabi/9.3.1/thumb/v7e-m+fp/hard\libgcc.a
LOAD d:/program files/st/stm32cubeide_1.8.0/stm32cubeide/plugins/com.st.stm32cube.ide.mcu.externaltools.gnu-tools-for-stm32.9-2020-q2-update.win32_2.0.0.202105311346/tools/bin/../lib/gcc/arm-none-eabi/9.3.1/../../../../arm-none-eabi/lib/thumb/v7e-m+fp/hard\libc_nano.a
LOAD d:/program files/st/stm32cubeide_1.8.0/stm32cubeide/plugins/com.st.stm32cube.ide.mcu.externaltools.gnu-tools-for-stm32.9-2020-q2-update.win32_2.0.0.202105311346/tools/bin/../lib/gcc/arm-none-eabi/9.3.1/../../../../arm-none-eabi/lib/thumb/v7e-m+fp/hard\libnosys.a
END GROUP
START GROUP
LOAD d:/program files/st/stm32cubeide_1.8.0/stm32cubeide/plugins/com.st.stm32cube.ide.mcu.externaltools.gnu-tools-for-stm32.9-2020-q2-update.win32_2.0.0.202105311346/tools/bin/../lib/gcc/arm-none-eabi/9.3.1/thumb/v7e-m+fp/hard\libgcc.a
LOAD d:/program files/st/stm32cubeide_1.8.0/stm32cubeide/plugins/com.st.stm32cube.ide.mcu.externaltools.gnu-tools-for-stm32.9-2020-q2-update.win32_2.0.0.202105311346/tools/bin/../lib/gcc/arm-none-eabi/9.3.1/../../../../arm-none-eabi/lib/thumb/v7e-m+fp/hard\libc_nano.a
LOAD d:/program files/st/stm32cubeide_1.8.0/stm32cubeide/plugins/com.st.stm32cube.ide.mcu.externaltools.gnu-tools-for-stm32.9-2020-q2-update.win32_2.0.0.202105311346/tools/bin/../lib/gcc/arm-none-eabi/9.3.1/../../../../arm-none-eabi/lib/thumb/v7e-m+fp/hard\libnosys.a
END GROUP
LOAD d:/program files/st/stm32cubeide_1.8.0/stm32cubeide/plugins/com.st.stm32cube.ide.mcu.externaltools.gnu-tools-for-stm32.9-2020-q2-update.win32_2.0.0.202105311346/tools/bin/../lib/gcc/arm-none-eabi/9.3.1/thumb/v7e-m+fp/hard/crtend.o
LOAD d:/program files/st/stm32cubeide_1.8.0/stm32cubeide/plugins/com.st.stm32cube.ide.mcu.externaltools.gnu-tools-for-stm32.9-2020-q2-update.win32_2.0.0.202105311346/tools/bin/../lib/gcc/arm-none-eabi/9.3.1/thumb/v7e-m+fp/hard/crtn.o
                0x0000000020020000                _estack = (ORIGIN (RAM) + LENGTH (RAM))
                0x0000000000000200                _Min_Heap_Size = 0x200
                0x0000000000000400                _Min_Stack_Size = 0x400

.isr_vector     0x0000000008000000      0x188
                0x0000000008000000                . = ALIGN (0x4)
 *(.isr_vector)
 .isr_vector    0x0000000008000000      0x188 ./Core/Startup/startup_stm32f407vetx.o
                0x0000000008000000                g_pfnVectors
                0x0000000008000188                . = ALIGN (0x4)

.text           0x0000000008000188     0x6f98
                0x0000000008000188                . = ALIGN (0x4)
 *(.text)
 .text          0x0000000008000188       0x40 d:/program files/st/stm32cubeide_1.8.0/stm32cubeide/plugins/com.st.stm32cube.ide.mcu.externaltools.gnu-tools-for-stm32.9-2020-q2-update.win32_2.0.0.202105311346/tools/bin/../lib/gcc/arm-none-eabi/9.3.1/thumb/v7e-m+fp/hard/crtbegin.o
 .text          0x00000000080001c8       0x30 d:/program files/st/stm32cubeide_1.8.0/stm32cubeide/plugins/com.st.stm32cube.ide.mcu.externaltools.gnu-tools-for-stm32.9-2020-q2-update.win32_2.0.0.202105311346/tools/bin/../lib/gcc/arm-none-eabi/9.3.1/thumb/v7e-m+fp/hard\libgcc.a(_aeabi_uldivmod.o)
                0x00000000080001c8                __aeabi_uldivmod
 .text          0x00000000080001f8      0x2c4 d:/program files/st/stm32cubeide_1.8.0/stm32cubeide/plugins/com.st.stm32cube.ide.mcu.externaltools.gnu-tools-for-stm32.9-2020-q2-update.win32_2.0.0.202105311346/tools/bin/../lib/gcc/arm-none-eabi/9.3.1/thumb/v7e-m+fp/hard\libgcc.a(_udivmoddi4.o)
                0x00000000080001f8                __udivmoddi4
 .text          0x00000000080004bc        0x4 d:/program files/st/stm32cubeide_1.8.0/stm32cubeide/plugins/com.st.stm32cube.ide.mcu.externaltools.gnu-tools-for-stm32.9-2020-q2-update.win32_2.0.0.202105311346/tools/bin/../lib/gcc/arm-none-eabi/9.3.1/thumb/v7e-m+fp/hard\libgcc.a(_dvmd_tls.o)
                0x00000000080004bc                __aeabi_idiv0
                0x00000000080004bc                __aeabi_ldiv0
 *(.text*)
 .text.MX_CAN1_Init
                0x00000000080004c0       0x6c ./Core/Src/can.o
                0x00000000080004c0                MX_CAN1_Init
 .text.MX_CAN2_Init
                0x000000000800052c       0x6c ./Core/Src/can.o
                0x000000000800052c                MX_CAN2_Init
 .text.HAL_CAN_MspInit
                0x0000000008000598      0x140 ./Core/Src/can.o
                0x0000000008000598                HAL_CAN_MspInit
 .text.MX_GPIO_Init
                0x00000000080006d8       0xe4 ./Core/Src/gpio.o
                0x00000000080006d8                MX_GPIO_Init
 .text.main     0x00000000080007bc       0x22 ./Core/Src/main.o
                0x00000000080007bc                main
 *fill*         0x00000000080007de        0x2 
 .text.SystemClock_Config
                0x00000000080007e0       0xd4 ./Core/Src/main.o
                0x00000000080007e0                SystemClock_Config
 .text.Error_Handler
                0x00000000080008b4        0xa ./Core/Src/main.o
                0x00000000080008b4                Error_Handler
 *fill*         0x00000000080008be        0x2 
 .text.HAL_MspInit
                0x00000000080008c0       0x50 ./Core/Src/stm32f4xx_hal_msp.o
                0x00000000080008c0                HAL_MspInit
 .text.NMI_Handler
                0x0000000008000910        0x6 ./Core/Src/stm32f4xx_it.o
                0x0000000008000910                NMI_Handler
 .text.HardFault_Handler
                0x0000000008000916        0x6 ./Core/Src/stm32f4xx_it.o
                0x0000000008000916                HardFault_Handler
 .text.MemManage_Handler
                0x000000000800091c        0x6 ./Core/Src/stm32f4xx_it.o
                0x000000000800091c                MemManage_Handler
 .text.BusFault_Handler
                0x0000000008000922        0x6 ./Core/Src/stm32f4xx_it.o
                0x0000000008000922                BusFault_Handler
 .text.UsageFault_Handler
                0x0000000008000928        0x6 ./Core/Src/stm32f4xx_it.o
                0x0000000008000928                UsageFault_Handler
 .text.SVC_Handler
                0x000000000800092e        0xe ./Core/Src/stm32f4xx_it.o
                0x000000000800092e                SVC_Handler
 .text.DebugMon_Handler
                0x000000000800093c        0xe ./Core/Src/stm32f4xx_it.o
                0x000000000800093c                DebugMon_Handler
 .text.PendSV_Handler
                0x000000000800094a        0xe ./Core/Src/stm32f4xx_it.o
                0x000000000800094a                PendSV_Handler
 .text.SysTick_Handler
                0x0000000008000958        0xc ./Core/Src/stm32f4xx_it.o
                0x0000000008000958                SysTick_Handler
 .text.TIM2_IRQHandler
                0x0000000008000964       0x14 ./Core/Src/stm32f4xx_it.o
                0x0000000008000964                TIM2_IRQHandler
 .text.OTG_FS_IRQHandler
                0x0000000008000978       0x14 ./Core/Src/stm32f4xx_it.o
                0x0000000008000978                OTG_FS_IRQHandler
 .text.SystemInit
                0x000000000800098c       0x24 ./Core/Src/system_stm32f4xx.o
                0x000000000800098c                SystemInit
 .text.MX_TIM2_Init
                0x00000000080009b0       0x98 ./Core/Src/tim.o
                0x00000000080009b0                MX_TIM2_Init
 .text.HAL_TIM_Base_MspInit
                0x0000000008000a48       0x4c ./Core/Src/tim.o
                0x0000000008000a48                HAL_TIM_Base_MspInit
 .text.Reset_Handler
                0x0000000008000a94       0x50 ./Core/Startup/startup_stm32f407vetx.o
                0x0000000008000a94                Reset_Handler
 .text.Default_Handler
                0x0000000008000ae4        0x2 ./Core/Startup/startup_stm32f407vetx.o
                0x0000000008000ae4                RTC_Alarm_IRQHandler
                0x0000000008000ae4                HASH_RNG_IRQHandler
                0x0000000008000ae4                EXTI2_IRQHandler
                0x0000000008000ae4                TIM8_CC_IRQHandler
                0x0000000008000ae4                TIM1_CC_IRQHandler
                0x0000000008000ae4                DMA2_Stream5_IRQHandler
                0x0000000008000ae4                DMA1_Stream5_IRQHandler
                0x0000000008000ae4                PVD_IRQHandler
                0x0000000008000ae4                SDIO_IRQHandler
                0x0000000008000ae4                TAMP_STAMP_IRQHandler
                0x0000000008000ae4                CAN2_RX1_IRQHandler
                0x0000000008000ae4                EXTI3_IRQHandler
                0x0000000008000ae4                TIM8_TRG_COM_TIM14_IRQHandler
                0x0000000008000ae4                TIM1_UP_TIM10_IRQHandler
                0x0000000008000ae4                TIM8_UP_TIM13_IRQHandler
                0x0000000008000ae4                I2C3_ER_IRQHandler
                0x0000000008000ae4                EXTI0_IRQHandler
                0x0000000008000ae4                I2C2_EV_IRQHandler
                0x0000000008000ae4                DMA1_Stream2_IRQHandler
                0x0000000008000ae4                CAN1_RX0_IRQHandler
                0x0000000008000ae4                FPU_IRQHandler
                0x0000000008000ae4                OTG_HS_WKUP_IRQHandler
                0x0000000008000ae4                CAN2_SCE_IRQHandler
                0x0000000008000ae4                DMA2_Stream2_IRQHandler
                0x0000000008000ae4                SPI1_IRQHandler
                0x0000000008000ae4                TIM6_DAC_IRQHandler
                0x0000000008000ae4                TIM1_BRK_TIM9_IRQHandler
                0x0000000008000ae4                DCMI_IRQHandler
                0x0000000008000ae4                CAN2_RX0_IRQHandler
                0x0000000008000ae4                DMA2_Stream3_IRQHandler
                0x0000000008000ae4                USART6_IRQHandler
                0x0000000008000ae4                USART3_IRQHandler
                0x0000000008000ae4                CAN1_RX1_IRQHandler
                0x0000000008000ae4                UART5_IRQHandler
                0x0000000008000ae4                DMA2_Stream0_IRQHandler
                0x0000000008000ae4                TIM4_IRQHandler
                0x0000000008000ae4                I2C1_EV_IRQHandler
                0x0000000008000ae4                DMA1_Stream6_IRQHandler
                0x0000000008000ae4                DMA1_Stream1_IRQHandler
                0x0000000008000ae4                UART4_IRQHandler
                0x0000000008000ae4                TIM3_IRQHandler
                0x0000000008000ae4                RCC_IRQHandler
                0x0000000008000ae4                TIM8_BRK_TIM12_IRQHandler
                0x0000000008000ae4                Default_Handler
                0x0000000008000ae4                EXTI15_10_IRQHandler
                0x0000000008000ae4                ADC_IRQHandler
                0x0000000008000ae4                DMA1_Stream7_IRQHandler
                0x0000000008000ae4                TIM7_IRQHandler
                0x0000000008000ae4                CAN2_TX_IRQHandler
                0x0000000008000ae4                TIM5_IRQHandler
                0x0000000008000ae4                DMA2_Stream7_IRQHandler
                0x0000000008000ae4                I2C3_EV_IRQHandler
                0x0000000008000ae4                EXTI9_5_IRQHandler
                0x0000000008000ae4                RTC_WKUP_IRQHandler
                0x0000000008000ae4                ETH_WKUP_IRQHandler
                0x0000000008000ae4                SPI2_IRQHandler
                0x0000000008000ae4                OTG_HS_EP1_IN_IRQHandler
                0x0000000008000ae4                DMA1_Stream0_IRQHandler
                0x0000000008000ae4                CAN1_TX_IRQHandler
                0x0000000008000ae4                EXTI4_IRQHandler
                0x0000000008000ae4                FSMC_IRQHandler
                0x0000000008000ae4                ETH_IRQHandler
                0x0000000008000ae4                OTG_HS_EP1_OUT_IRQHandler
                0x0000000008000ae4                WWDG_IRQHandler
                0x0000000008000ae4                OTG_FS_WKUP_IRQHandler
                0x0000000008000ae4                TIM1_TRG_COM_TIM11_IRQHandler
                0x0000000008000ae4                OTG_HS_IRQHandler
                0x0000000008000ae4                EXTI1_IRQHandler
                0x0000000008000ae4                USART2_IRQHandler
                0x0000000008000ae4                I2C2_ER_IRQHandler
                0x0000000008000ae4                DMA2_Stream1_IRQHandler
                0x0000000008000ae4                CAN1_SCE_IRQHandler
                0x0000000008000ae4                FLASH_IRQHandler
                0x0000000008000ae4                DMA2_Stream4_IRQHandler
                0x0000000008000ae4                USART1_IRQHandler
                0x0000000008000ae4                SPI3_IRQHandler
                0x0000000008000ae4                DMA1_Stream4_IRQHandler
                0x0000000008000ae4                I2C1_ER_IRQHandler
                0x0000000008000ae4                DMA2_Stream6_IRQHandler
                0x0000000008000ae4                DMA1_Stream3_IRQHandler
 *fill*         0x0000000008000ae6        0x2 
 .text.HAL_Init
                0x0000000008000ae8       0x44 ./Drivers/STM32F4xx_HAL_Driver/stm32f4xx_hal.o
                0x0000000008000ae8                HAL_Init
 .text.HAL_InitTick
                0x0000000008000b2c       0x60 ./Drivers/STM32F4xx_HAL_Driver/stm32f4xx_hal.o
                0x0000000008000b2c                HAL_InitTick
 .text.HAL_IncTick
                0x0000000008000b8c       0x28 ./Drivers/STM32F4xx_HAL_Driver/stm32f4xx_hal.o
                0x0000000008000b8c                HAL_IncTick
 .text.HAL_GetTick
                0x0000000008000bb4       0x18 ./Drivers/STM32F4xx_HAL_Driver/stm32f4xx_hal.o
                0x0000000008000bb4                HAL_GetTick
 .text.HAL_Delay
                0x0000000008000bcc       0x48 ./Drivers/STM32F4xx_HAL_Driver/stm32f4xx_hal.o
                0x0000000008000bcc                HAL_Delay
 .text.HAL_CAN_Init
                0x0000000008000c14      0x1f6 ./Drivers/STM32F4xx_HAL_Driver/stm32f4xx_hal_can.o
                0x0000000008000c14                HAL_CAN_Init
 *fill*         0x0000000008000e0a        0x2 
 .text.__NVIC_SetPriorityGrouping
                0x0000000008000e0c       0x48 ./Drivers/STM32F4xx_HAL_Driver/stm32f4xx_hal_cortex.o
 .text.__NVIC_GetPriorityGrouping
                0x0000000008000e54       0x1c ./Drivers/STM32F4xx_HAL_Driver/stm32f4xx_hal_cortex.o
 .text.__NVIC_EnableIRQ
                0x0000000008000e70       0x3c ./Drivers/STM32F4xx_HAL_Driver/stm32f4xx_hal_cortex.o
 .text.__NVIC_SetPriority
                0x0000000008000eac       0x54 ./Drivers/STM32F4xx_HAL_Driver/stm32f4xx_hal_cortex.o
 .text.NVIC_EncodePriority
                0x0000000008000f00       0x66 ./Drivers/STM32F4xx_HAL_Driver/stm32f4xx_hal_cortex.o
 *fill*         0x0000000008000f66        0x2 
 .text.SysTick_Config
                0x0000000008000f68       0x44 ./Drivers/STM32F4xx_HAL_Driver/stm32f4xx_hal_cortex.o
 .text.HAL_NVIC_SetPriorityGrouping
                0x0000000008000fac       0x16 ./Drivers/STM32F4xx_HAL_Driver/stm32f4xx_hal_cortex.o
                0x0000000008000fac                HAL_NVIC_SetPriorityGrouping
 .text.HAL_NVIC_SetPriority
                0x0000000008000fc2       0x38 ./Drivers/STM32F4xx_HAL_Driver/stm32f4xx_hal_cortex.o
                0x0000000008000fc2                HAL_NVIC_SetPriority
 .text.HAL_NVIC_EnableIRQ
                0x0000000008000ffa       0x1c ./Drivers/STM32F4xx_HAL_Driver/stm32f4xx_hal_cortex.o
                0x0000000008000ffa                HAL_NVIC_EnableIRQ
 .text.HAL_SYSTICK_Config
                0x0000000008001016       0x18 ./Drivers/STM32F4xx_HAL_Driver/stm32f4xx_hal_cortex.o
                0x0000000008001016                HAL_SYSTICK_Config
 *fill*         0x000000000800102e        0x2 
 .text.HAL_GPIO_Init
                0x0000000008001030      0x338 ./Drivers/STM32F4xx_HAL_Driver/stm32f4xx_hal_gpio.o
                0x0000000008001030                HAL_GPIO_Init
 .text.HAL_GPIO_WritePin
                0x0000000008001368       0x32 ./Drivers/STM32F4xx_HAL_Driver/stm32f4xx_hal_gpio.o
                0x0000000008001368                HAL_GPIO_WritePin
 .text.HAL_PCD_Init
                0x000000000800139a      0x23a ./Drivers/STM32F4xx_HAL_Driver/stm32f4xx_hal_pcd.o
                0x000000000800139a                HAL_PCD_Init
 .text.HAL_PCD_Start
                0x00000000080015d4       0x66 ./Drivers/STM32F4xx_HAL_Driver/stm32f4xx_hal_pcd.o
                0x00000000080015d4                HAL_PCD_Start
 .text.HAL_PCD_IRQHandler
                0x000000000800163a      0x764 ./Drivers/STM32F4xx_HAL_Driver/stm32f4xx_hal_pcd.o
                0x000000000800163a                HAL_PCD_IRQHandler
 .text.HAL_PCD_SetAddress
                0x0000000008001d9e       0x4a ./Drivers/STM32F4xx_HAL_Driver/stm32f4xx_hal_pcd.o
                0x0000000008001d9e                HAL_PCD_SetAddress
 .text.HAL_PCD_EP_Open
                0x0000000008001de8       0xd0 ./Drivers/STM32F4xx_HAL_Driver/stm32f4xx_hal_pcd.o
                0x0000000008001de8                HAL_PCD_EP_Open
 .text.HAL_PCD_EP_Close
                0x0000000008001eb8       0x94 ./Drivers/STM32F4xx_HAL_Driver/stm32f4xx_hal_pcd.o
                0x0000000008001eb8                HAL_PCD_EP_Close
 .text.HAL_PCD_EP_Receive
                0x0000000008001f4c       0x96 ./Drivers/STM32F4xx_HAL_Driver/stm32f4xx_hal_pcd.o
                0x0000000008001f4c                HAL_PCD_EP_Receive
 .text.HAL_PCD_EP_GetRxCount
                0x0000000008001fe2       0x30 ./Drivers/STM32F4xx_HAL_Driver/stm32f4xx_hal_pcd.o
                0x0000000008001fe2                HAL_PCD_EP_GetRxCount
 .text.HAL_PCD_EP_Transmit
                0x0000000008002012       0x94 ./Drivers/STM32F4xx_HAL_Driver/stm32f4xx_hal_pcd.o
                0x0000000008002012                HAL_PCD_EP_Transmit
 .text.HAL_PCD_EP_SetStall
                0x00000000080020a6       0xc8 ./Drivers/STM32F4xx_HAL_Driver/stm32f4xx_hal_pcd.o
                0x00000000080020a6                HAL_PCD_EP_SetStall
 .text.HAL_PCD_EP_ClrStall
                0x000000000800216e       0xac ./Drivers/STM32F4xx_HAL_Driver/stm32f4xx_hal_pcd.o
                0x000000000800216e                HAL_PCD_EP_ClrStall
 .text.PCD_WriteEmptyTxFifo
                0x000000000800221a      0x11a ./Drivers/STM32F4xx_HAL_Driver/stm32f4xx_hal_pcd.o
 .text.PCD_EP_OutXfrComplete_int
                0x0000000008002334      0x218 ./Drivers/STM32F4xx_HAL_Driver/stm32f4xx_hal_pcd.o
 .text.PCD_EP_OutSetupPacket_int
                0x000000000800254c       0x8c ./Drivers/STM32F4xx_HAL_Driver/stm32f4xx_hal_pcd.o
 .text.HAL_PCDEx_SetTxFiFo
                0x00000000080025d8       0x8e ./Drivers/STM32F4xx_HAL_Driver/stm32f4xx_hal_pcd_ex.o
                0x00000000080025d8                HAL_PCDEx_SetTxFiFo
 .text.HAL_PCDEx_SetRxFiFo
                0x0000000008002666       0x22 ./Drivers/STM32F4xx_HAL_Driver/stm32f4xx_hal_pcd_ex.o
                0x0000000008002666                HAL_PCDEx_SetRxFiFo
 .text.HAL_PCDEx_LPM_Callback
                0x0000000008002688       0x18 ./Drivers/STM32F4xx_HAL_Driver/stm32f4xx_hal_pcd_ex.o
                0x0000000008002688                HAL_PCDEx_LPM_Callback
 .text.HAL_RCC_OscConfig
                0x00000000080026a0      0x4f0 ./Drivers/STM32F4xx_HAL_Driver/stm32f4xx_hal_rcc.o
                0x00000000080026a0                HAL_RCC_OscConfig
 .text.HAL_RCC_ClockConfig
                0x0000000008002b90      0x1cc ./Drivers/STM32F4xx_HAL_Driver/stm32f4xx_hal_rcc.o
                0x0000000008002b90                HAL_RCC_ClockConfig
 .text.HAL_RCC_GetSysClockFreq
                0x0000000008002d5c      0x16c ./Drivers/STM32F4xx_HAL_Driver/stm32f4xx_hal_rcc.o
                0x0000000008002d5c                HAL_RCC_GetSysClockFreq
 .text.HAL_RCC_GetHCLKFreq
                0x0000000008002ec8       0x18 ./Drivers/STM32F4xx_HAL_Driver/stm32f4xx_hal_rcc.o
                0x0000000008002ec8                HAL_RCC_GetHCLKFreq
 .text.HAL_TIM_Base_Init
                0x0000000008002ee0       0x9e ./Drivers/STM32F4xx_HAL_Driver/stm32f4xx_hal_tim.o
                0x0000000008002ee0                HAL_TIM_Base_Init
 .text.HAL_TIM_IRQHandler
                0x0000000008002f7e      0x210 ./Drivers/STM32F4xx_HAL_Driver/stm32f4xx_hal_tim.o
                0x0000000008002f7e                HAL_TIM_IRQHandler
 .text.HAL_TIM_ConfigClockSource
                0x000000000800318e      0x18e ./Drivers/STM32F4xx_HAL_Driver/stm32f4xx_hal_tim.o
                0x000000000800318e                HAL_TIM_ConfigClockSource
 .text.HAL_TIM_PeriodElapsedCallback
                0x000000000800331c       0x14 ./Drivers/STM32F4xx_HAL_Driver/stm32f4xx_hal_tim.o
                0x000000000800331c                HAL_TIM_PeriodElapsedCallback
 .text.HAL_TIM_OC_DelayElapsedCallback
                0x0000000008003330       0x14 ./Drivers/STM32F4xx_HAL_Driver/stm32f4xx_hal_tim.o
                0x0000000008003330                HAL_TIM_OC_DelayElapsedCallback
 .text.HAL_TIM_IC_CaptureCallback
                0x0000000008003344       0x14 ./Drivers/STM32F4xx_HAL_Driver/stm32f4xx_hal_tim.o
                0x0000000008003344                HAL_TIM_IC_CaptureCallback
 .text.HAL_TIM_PWM_PulseFinishedCallback
                0x0000000008003358       0x14 ./Drivers/STM32F4xx_HAL_Driver/stm32f4xx_hal_tim.o
                0x0000000008003358                HAL_TIM_PWM_PulseFinishedCallback
 .text.HAL_TIM_TriggerCallback
                0x000000000800336c       0x14 ./Drivers/STM32F4xx_HAL_Driver/stm32f4xx_hal_tim.o
                0x000000000800336c                HAL_TIM_TriggerCallback
 .text.TIM_Base_SetConfig
                0x0000000008003380      0x140 ./Drivers/STM32F4xx_HAL_Driver/stm32f4xx_hal_tim.o
                0x0000000008003380                TIM_Base_SetConfig
 .text.TIM_TI1_ConfigInputStage
                0x00000000080034c0       0x5e ./Drivers/STM32F4xx_HAL_Driver/stm32f4xx_hal_tim.o
 .text.TIM_TI2_ConfigInputStage
                0x000000000800351e       0x60 ./Drivers/STM32F4xx_HAL_Driver/stm32f4xx_hal_tim.o
 .text.TIM_ITRx_SetConfig
                0x000000000800357e       0x36 ./Drivers/STM32F4xx_HAL_Driver/stm32f4xx_hal_tim.o
 .text.TIM_ETR_SetConfig
                0x00000000080035b4       0x40 ./Drivers/STM32F4xx_HAL_Driver/stm32f4xx_hal_tim.o
                0x00000000080035b4                TIM_ETR_SetConfig
 .text.HAL_TIMEx_MasterConfigSynchronization
                0x00000000080035f4       0xf8 ./Drivers/STM32F4xx_HAL_Driver/stm32f4xx_hal_tim_ex.o
                0x00000000080035f4                HAL_TIMEx_MasterConfigSynchronization
 .text.HAL_TIMEx_CommutCallback
                0x00000000080036ec       0x14 ./Drivers/STM32F4xx_HAL_Driver/stm32f4xx_hal_tim_ex.o
                0x00000000080036ec                HAL_TIMEx_CommutCallback
 .text.HAL_TIMEx_BreakCallback
                0x0000000008003700       0x14 ./Drivers/STM32F4xx_HAL_Driver/stm32f4xx_hal_tim_ex.o
                0x0000000008003700                HAL_TIMEx_BreakCallback
 .text.USB_CoreInit
                0x0000000008003714       0xc2 ./Drivers/STM32F4xx_HAL_Driver/stm32f4xx_ll_usb.o
                0x0000000008003714                USB_CoreInit
 *fill*         0x00000000080037d6        0x2 
 .text.USB_SetTurnaroundTime
                0x00000000080037d8      0x144 ./Drivers/STM32F4xx_HAL_Driver/stm32f4xx_ll_usb.o
                0x00000000080037d8                USB_SetTurnaroundTime
 .text.USB_EnableGlobalInt
                0x000000000800391c       0x22 ./Drivers/STM32F4xx_HAL_Driver/stm32f4xx_ll_usb.o
                0x000000000800391c                USB_EnableGlobalInt
 .text.USB_DisableGlobalInt
                0x000000000800393e       0x22 ./Drivers/STM32F4xx_HAL_Driver/stm32f4xx_ll_usb.o
                0x000000000800393e                USB_DisableGlobalInt
 .text.USB_SetCurrentMode
                0x0000000008003960       0x98 ./Drivers/STM32F4xx_HAL_Driver/stm32f4xx_ll_usb.o
                0x0000000008003960                USB_SetCurrentMode
 .text.USB_DevInit
                0x00000000080039f8      0x2c8 ./Drivers/STM32F4xx_HAL_Driver/stm32f4xx_ll_usb.o
                0x00000000080039f8                USB_DevInit
 .text.USB_FlushTxFifo
                0x0000000008003cc0       0x48 ./Drivers/STM32F4xx_HAL_Driver/stm32f4xx_ll_usb.o
                0x0000000008003cc0                USB_FlushTxFifo
 .text.USB_FlushRxFifo
                0x0000000008003d08       0x40 ./Drivers/STM32F4xx_HAL_Driver/stm32f4xx_ll_usb.o
                0x0000000008003d08                USB_FlushRxFifo
 .text.USB_SetDevSpeed
                0x0000000008003d48       0x32 ./Drivers/STM32F4xx_HAL_Driver/stm32f4xx_ll_usb.o
                0x0000000008003d48                USB_SetDevSpeed
 .text.USB_GetDevSpeed
                0x0000000008003d7a       0x4a ./Drivers/STM32F4xx_HAL_Driver/stm32f4xx_ll_usb.o
                0x0000000008003d7a                USB_GetDevSpeed
 .text.USB_ActivateEndpoint
                0x0000000008003dc4      0x10e ./Drivers/STM32F4xx_HAL_Driver/stm32f4xx_ll_usb.o
                0x0000000008003dc4                USB_ActivateEndpoint
 *fill*         0x0000000008003ed2        0x2 
 .text.USB_DeactivateEndpoint
                0x0000000008003ed4      0x1b8 ./Drivers/STM32F4xx_HAL_Driver/stm32f4xx_ll_usb.o
                0x0000000008003ed4                USB_DeactivateEndpoint
 .text.USB_EPStartXfer
                0x000000000800408c      0x488 ./Drivers/STM32F4xx_HAL_Driver/stm32f4xx_ll_usb.o
                0x000000000800408c                USB_EPStartXfer
 .text.USB_EP0StartXfer
                0x0000000008004514      0x2a6 ./Drivers/STM32F4xx_HAL_Driver/stm32f4xx_ll_usb.o
                0x0000000008004514                USB_EP0StartXfer
 .text.USB_WritePacket
                0x00000000080047ba       0x7c ./Drivers/STM32F4xx_HAL_Driver/stm32f4xx_ll_usb.o
                0x00000000080047ba                USB_WritePacket
 .text.USB_ReadPacket
                0x0000000008004836       0xb0 ./Drivers/STM32F4xx_HAL_Driver/stm32f4xx_ll_usb.o
                0x0000000008004836                USB_ReadPacket
 .text.USB_EPSetStall
                0x00000000080048e6       0xdc ./Drivers/STM32F4xx_HAL_Driver/stm32f4xx_ll_usb.o
                0x00000000080048e6                USB_EPSetStall
 .text.USB_EPClearStall
                0x00000000080049c2       0xcc ./Drivers/STM32F4xx_HAL_Driver/stm32f4xx_ll_usb.o
                0x00000000080049c2                USB_EPClearStall
 .text.USB_SetDevAddress
                0x0000000008004a8e       0x4c ./Drivers/STM32F4xx_HAL_Driver/stm32f4xx_ll_usb.o
                0x0000000008004a8e                USB_SetDevAddress
 .text.USB_DevConnect
                0x0000000008004ada       0x42 ./Drivers/STM32F4xx_HAL_Driver/stm32f4xx_ll_usb.o
                0x0000000008004ada                USB_DevConnect
 .text.USB_DevDisconnect
                0x0000000008004b1c       0x42 ./Drivers/STM32F4xx_HAL_Driver/stm32f4xx_ll_usb.o
                0x0000000008004b1c                USB_DevDisconnect
 .text.USB_ReadInterrupts
                0x0000000008004b5e       0x26 ./Drivers/STM32F4xx_HAL_Driver/stm32f4xx_ll_usb.o
                0x0000000008004b5e                USB_ReadInterrupts
 .text.USB_ReadDevAllOutEpInterrupt
                0x0000000008004b84       0x34 ./Drivers/STM32F4xx_HAL_Driver/stm32f4xx_ll_usb.o
                0x0000000008004b84                USB_ReadDevAllOutEpInterrupt
 .text.USB_ReadDevAllInEpInterrupt
                0x0000000008004bb8       0x34 ./Drivers/STM32F4xx_HAL_Driver/stm32f4xx_ll_usb.o
                0x0000000008004bb8                USB_ReadDevAllInEpInterrupt
 .text.USB_ReadDevOutEPInterrupt
                0x0000000008004bec       0x3c ./Drivers/STM32F4xx_HAL_Driver/stm32f4xx_ll_usb.o
                0x0000000008004bec                USB_ReadDevOutEPInterrupt
 .text.USB_ReadDevInEPInterrupt
                0x0000000008004c28       0x5c ./Drivers/STM32F4xx_HAL_Driver/stm32f4xx_ll_usb.o
                0x0000000008004c28                USB_ReadDevInEPInterrupt
 .text.USB_GetMode
                0x0000000008004c84       0x1c ./Drivers/STM32F4xx_HAL_Driver/stm32f4xx_ll_usb.o
                0x0000000008004c84                USB_GetMode
 .text.USB_ActivateSetup
                0x0000000008004ca0       0x46 ./Drivers/STM32F4xx_HAL_Driver/stm32f4xx_ll_usb.o
                0x0000000008004ca0                USB_ActivateSetup
 *fill*         0x0000000008004ce6        0x2 
 .text.USB_EP0_OutStart
                0x0000000008004ce8       0xbc ./Drivers/STM32F4xx_HAL_Driver/stm32f4xx_ll_usb.o
                0x0000000008004ce8                USB_EP0_OutStart
 .text.USB_CoreReset
                0x0000000008004da4       0x64 ./Drivers/STM32F4xx_HAL_Driver/stm32f4xx_ll_usb.o
 .text.USBD_CDC_Init
                0x0000000008004e08       0xfe ./Middlewares/USB_Device_Library/usbd_cdc.o
 .text.USBD_CDC_DeInit
                0x0000000008004f06       0x74 ./Middlewares/USB_Device_Library/usbd_cdc.o
 *fill*         0x0000000008004f7a        0x2 
 .text.USBD_CDC_Setup
                0x0000000008004f7c      0x190 ./Middlewares/USB_Device_Library/usbd_cdc.o
 .text.USBD_CDC_DataIn
                0x000000000800510c       0xca ./Middlewares/USB_Device_Library/usbd_cdc.o
 .text.USBD_CDC_DataOut
                0x00000000080051d6       0x56 ./Middlewares/USB_Device_Library/usbd_cdc.o
 .text.USBD_CDC_EP0_RxReady
                0x000000000800522c       0x5a ./Middlewares/USB_Device_Library/usbd_cdc.o
 *fill*         0x0000000008005286        0x2 
 .text.USBD_CDC_GetFSCfgDesc
                0x0000000008005288       0x20 ./Middlewares/USB_Device_Library/usbd_cdc.o
 .text.USBD_CDC_GetHSCfgDesc
                0x00000000080052a8       0x20 ./Middlewares/USB_Device_Library/usbd_cdc.o
 .text.USBD_CDC_GetOtherSpeedCfgDesc
                0x00000000080052c8       0x20 ./Middlewares/USB_Device_Library/usbd_cdc.o
 .text.USBD_CDC_GetDeviceQualifierDescriptor
                0x00000000080052e8       0x20 ./Middlewares/USB_Device_Library/usbd_cdc.o
                0x00000000080052e8                USBD_CDC_GetDeviceQualifierDescriptor
 .text.USBD_CDC_RegisterInterface
                0x0000000008005308       0x2a ./Middlewares/USB_Device_Library/usbd_cdc.o
                0x0000000008005308                USBD_CDC_RegisterInterface
 .text.USBD_CDC_SetTxBuffer
                0x0000000008005332       0x3c ./Middlewares/USB_Device_Library/usbd_cdc.o
                0x0000000008005332                USBD_CDC_SetTxBuffer
 .text.USBD_CDC_SetRxBuffer
                0x000000000800536e       0x32 ./Middlewares/USB_Device_Library/usbd_cdc.o
                0x000000000800536e                USBD_CDC_SetRxBuffer
 .text.USBD_CDC_ReceivePacket
                0x00000000080053a0       0x54 ./Middlewares/USB_Device_Library/usbd_cdc.o
                0x00000000080053a0                USBD_CDC_ReceivePacket
 .text.USBD_Init
                0x00000000080053f4       0x60 ./Middlewares/USB_Device_Library/usbd_core.o
                0x00000000080053f4                USBD_Init
 .text.USBD_RegisterClass
                0x0000000008005454       0x4e ./Middlewares/USB_Device_Library/usbd_core.o
                0x0000000008005454                USBD_RegisterClass
 .text.USBD_Start
                0x00000000080054a2       0x18 ./Middlewares/USB_Device_Library/usbd_core.o
                0x00000000080054a2                USBD_Start
 .text.USBD_RunTestMode
                0x00000000080054ba       0x16 ./Middlewares/USB_Device_Library/usbd_core.o
                0x00000000080054ba                USBD_RunTestMode
 .text.USBD_SetClassConfig
                0x00000000080054d0       0x38 ./Middlewares/USB_Device_Library/usbd_core.o
                0x00000000080054d0                USBD_SetClassConfig
 .text.USBD_ClrClassConfig
                0x0000000008005508       0x30 ./Middlewares/USB_Device_Library/usbd_core.o
                0x0000000008005508                USBD_ClrClassConfig
 .text.USBD_LL_SetupStage
                0x0000000008005538       0xaa ./Middlewares/USB_Device_Library/usbd_core.o
                0x0000000008005538                USBD_LL_SetupStage
 .text.USBD_LL_DataOutStage
                0x00000000080055e2       0xc6 ./Middlewares/USB_Device_Library/usbd_core.o
                0x00000000080055e2                USBD_LL_DataOutStage
 .text.USBD_LL_DataInStage
                0x00000000080056a8      0x12c ./Middlewares/USB_Device_Library/usbd_core.o
                0x00000000080056a8                USBD_LL_DataInStage
 .text.USBD_LL_Reset
                0x00000000080057d4       0x9c ./Middlewares/USB_Device_Library/usbd_core.o
                0x00000000080057d4                USBD_LL_Reset
 .text.USBD_LL_SetSpeed
                0x0000000008005870       0x20 ./Middlewares/USB_Device_Library/usbd_core.o
                0x0000000008005870                USBD_LL_SetSpeed
 .text.USBD_LL_Suspend
                0x0000000008005890       0x2c ./Middlewares/USB_Device_Library/usbd_core.o
                0x0000000008005890                USBD_LL_Suspend
 .text.USBD_LL_Resume
                0x00000000080058bc       0x30 ./Middlewares/USB_Device_Library/usbd_core.o
                0x00000000080058bc                USBD_LL_Resume
 .text.USBD_LL_SOF
                0x00000000080058ec       0x44 ./Middlewares/USB_Device_Library/usbd_core.o
                0x00000000080058ec                USBD_LL_SOF
 .text.USBD_LL_IsoINIncomplete
                0x0000000008005930       0x4c ./Middlewares/USB_Device_Library/usbd_core.o
                0x0000000008005930                USBD_LL_IsoINIncomplete
 .text.USBD_LL_IsoOUTIncomplete
                0x000000000800597c       0x4c ./Middlewares/USB_Device_Library/usbd_core.o
                0x000000000800597c                USBD_LL_IsoOUTIncomplete
 .text.USBD_LL_DevConnected
                0x00000000080059c8       0x16 ./Middlewares/USB_Device_Library/usbd_core.o
                0x00000000080059c8                USBD_LL_DevConnected
 .text.USBD_LL_DevDisconnected
                0x00000000080059de       0x38 ./Middlewares/USB_Device_Library/usbd_core.o
                0x00000000080059de                USBD_LL_DevDisconnected
 .text.SWAPBYTE
                0x0000000008005a16       0x3c ./Middlewares/USB_Device_Library/usbd_ctlreq.o
 *fill*         0x0000000008005a52        0x2 
 .text.USBD_StdDevReq
                0x0000000008005a54       0xdc ./Middlewares/USB_Device_Library/usbd_ctlreq.o
                0x0000000008005a54                USBD_StdDevReq
 .text.USBD_StdItfReq
                0x0000000008005b30       0x92 ./Middlewares/USB_Device_Library/usbd_ctlreq.o
                0x0000000008005b30                USBD_StdItfReq
 .text.USBD_StdEPReq
                0x0000000008005bc2      0x2c4 ./Middlewares/USB_Device_Library/usbd_ctlreq.o
                0x0000000008005bc2                USBD_StdEPReq
 *fill*         0x0000000008005e86        0x2 
 .text.USBD_GetDescriptor
                0x0000000008005e88      0x2d4 ./Middlewares/USB_Device_Library/usbd_ctlreq.o
 .text.USBD_SetAddress
                0x000000000800615c       0x88 ./Middlewares/USB_Device_Library/usbd_ctlreq.o
 .text.USBD_SetConfig
                0x00000000080061e4      0x14c ./Middlewares/USB_Device_Library/usbd_ctlreq.o
 .text.USBD_GetConfig
                0x0000000008006330       0x6c ./Middlewares/USB_Device_Library/usbd_ctlreq.o
 .text.USBD_GetStatus
                0x000000000800639c       0x68 ./Middlewares/USB_Device_Library/usbd_ctlreq.o
 .text.USBD_SetFeature
                0x0000000008006404       0x28 ./Middlewares/USB_Device_Library/usbd_ctlreq.o
 .text.USBD_ClrFeature
                0x000000000800642c       0x44 ./Middlewares/USB_Device_Library/usbd_ctlreq.o
 .text.USBD_ParseSetupRequest
                0x0000000008006470       0x74 ./Middlewares/USB_Device_Library/usbd_ctlreq.o
                0x0000000008006470                USBD_ParseSetupRequest
 .text.USBD_CtlError
                0x00000000080064e4       0x22 ./Middlewares/USB_Device_Library/usbd_ctlreq.o
                0x00000000080064e4                USBD_CtlError
 .text.USBD_GetString
                0x0000000008006506       0x8c ./Middlewares/USB_Device_Library/usbd_ctlreq.o
                0x0000000008006506                USBD_GetString
 .text.USBD_GetLen
                0x0000000008006592       0x34 ./Middlewares/USB_Device_Library/usbd_ctlreq.o
 .text.USBD_CtlSendData
                0x00000000080065c6       0x36 ./Middlewares/USB_Device_Library/usbd_ioreq.o
                0x00000000080065c6                USBD_CtlSendData
 .text.USBD_CtlContinueSendData
                0x00000000080065fc       0x22 ./Middlewares/USB_Device_Library/usbd_ioreq.o
                0x00000000080065fc                USBD_CtlContinueSendData
 .text.USBD_CtlPrepareRx
                0x000000000800661e       0x3a ./Middlewares/USB_Device_Library/usbd_ioreq.o
                0x000000000800661e                USBD_CtlPrepareRx
 .text.USBD_CtlContinueRx
                0x0000000008006658       0x22 ./Middlewares/USB_Device_Library/usbd_ioreq.o
                0x0000000008006658                USBD_CtlContinueRx
 .text.USBD_CtlSendStatus
                0x000000000800667a       0x26 ./Middlewares/USB_Device_Library/usbd_ioreq.o
                0x000000000800667a                USBD_CtlSendStatus
 .text.USBD_CtlReceiveStatus
                0x00000000080066a0       0x26 ./Middlewares/USB_Device_Library/usbd_ioreq.o
                0x00000000080066a0                USBD_CtlReceiveStatus
 *fill*         0x00000000080066c6        0x2 
 .text.MX_USB_DEVICE_Init
                0x00000000080066c8       0x60 ./USB_DEVICE/App/usb_device.o
                0x00000000080066c8                MX_USB_DEVICE_Init
 .text.CDC_Init_FS
                0x0000000008006728       0x28 ./USB_DEVICE/App/usbd_cdc_if.o
 .text.CDC_DeInit_FS
                0x0000000008006750       0x10 ./USB_DEVICE/App/usbd_cdc_if.o
 .text.CDC_Control_FS
                0x0000000008006760       0xbc ./USB_DEVICE/App/usbd_cdc_if.o
 .text.CDC_Receive_FS
                0x000000000800681c       0x28 ./USB_DEVICE/App/usbd_cdc_if.o
 .text.CDC_TransmitCplt_FS
                0x0000000008006844       0x22 ./USB_DEVICE/App/usbd_cdc_if.o
 *fill*         0x0000000008006866        0x2 
 .text.USBD_FS_DeviceDescriptor
                0x0000000008006868       0x24 ./USB_DEVICE/App/usbd_desc.o
                0x0000000008006868                USBD_FS_DeviceDescriptor
 .text.USBD_FS_LangIDStrDescriptor
                0x000000000800688c       0x24 ./USB_DEVICE/App/usbd_desc.o
                0x000000000800688c                USBD_FS_LangIDStrDescriptor
 .text.USBD_FS_ProductStrDescriptor
                0x00000000080068b0       0x3c ./USB_DEVICE/App/usbd_desc.o
                0x00000000080068b0                USBD_FS_ProductStrDescriptor
 .text.USBD_FS_ManufacturerStrDescriptor
                0x00000000080068ec       0x28 ./USB_DEVICE/App/usbd_desc.o
                0x00000000080068ec                USBD_FS_ManufacturerStrDescriptor
 .text.USBD_FS_SerialStrDescriptor
                0x0000000008006914       0x24 ./USB_DEVICE/App/usbd_desc.o
                0x0000000008006914                USBD_FS_SerialStrDescriptor
 .text.USBD_FS_ConfigStrDescriptor
                0x0000000008006938       0x3c ./USB_DEVICE/App/usbd_desc.o
                0x0000000008006938                USBD_FS_ConfigStrDescriptor
 .text.USBD_FS_InterfaceStrDescriptor
                0x0000000008006974       0x3c ./USB_DEVICE/App/usbd_desc.o
                0x0000000008006974                USBD_FS_InterfaceStrDescriptor
 .text.Get_SerialNum
                0x00000000080069b0       0x58 ./USB_DEVICE/App/usbd_desc.o
 .text.IntToUnicode
                0x0000000008006a08       0x7e ./USB_DEVICE/App/usbd_desc.o
 *fill*         0x0000000008006a86        0x2 
 .text.HAL_PCD_MspInit
                0x0000000008006a88       0xa8 ./USB_DEVICE/Target/usbd_conf.o
                0x0000000008006a88                HAL_PCD_MspInit
 .text.HAL_PCD_SetupStageCallback
                0x0000000008006b30       0x24 ./USB_DEVICE/Target/usbd_conf.o
                0x0000000008006b30                HAL_PCD_SetupStageCallback
 .text.HAL_PCD_DataOutStageCallback
                0x0000000008006b54       0x36 ./USB_DEVICE/Target/usbd_conf.o
                0x0000000008006b54                HAL_PCD_DataOutStageCallback
 .text.HAL_PCD_DataInStageCallback
                0x0000000008006b8a       0x34 ./USB_DEVICE/Target/usbd_conf.o
                0x0000000008006b8a                HAL_PCD_DataInStageCallback
 .text.HAL_PCD_SOFCallback
                0x0000000008006bbe       0x1c ./USB_DEVICE/Target/usbd_conf.o
                0x0000000008006bbe                HAL_PCD_SOFCallback
 .text.HAL_PCD_ResetCallback
                0x0000000008006bda       0x50 ./USB_DEVICE/Target/usbd_conf.o
                0x0000000008006bda                HAL_PCD_ResetCallback
 *fill*         0x0000000008006c2a        0x2 
 .text.HAL_PCD_SuspendCallback
                0x0000000008006c2c       0x4c ./USB_DEVICE/Target/usbd_conf.o
                0x0000000008006c2c                HAL_PCD_SuspendCallback
 .text.HAL_PCD_ResumeCallback
                0x0000000008006c78       0x1c ./USB_DEVICE/Target/usbd_conf.o
                0x0000000008006c78                HAL_PCD_ResumeCallback
 .text.HAL_PCD_ISOOUTIncompleteCallback
                0x0000000008006c94       0x24 ./USB_DEVICE/Target/usbd_conf.o
                0x0000000008006c94                HAL_PCD_ISOOUTIncompleteCallback
 .text.HAL_PCD_ISOINIncompleteCallback
                0x0000000008006cb8       0x24 ./USB_DEVICE/Target/usbd_conf.o
                0x0000000008006cb8                HAL_PCD_ISOINIncompleteCallback
 .text.HAL_PCD_ConnectCallback
                0x0000000008006cdc       0x1c ./USB_DEVICE/Target/usbd_conf.o
                0x0000000008006cdc                HAL_PCD_ConnectCallback
 .text.HAL_PCD_DisconnectCallback
                0x0000000008006cf8       0x1c ./USB_DEVICE/Target/usbd_conf.o
                0x0000000008006cf8                HAL_PCD_DisconnectCallback
 .text.USBD_LL_Init
                0x0000000008006d14       0x98 ./USB_DEVICE/Target/usbd_conf.o
                0x0000000008006d14                USBD_LL_Init
 .text.USBD_LL_Start
                0x0000000008006dac       0x36 ./USB_DEVICE/Target/usbd_conf.o
                0x0000000008006dac                USBD_LL_Start
 .text.USBD_LL_OpenEP
                0x0000000008006de2       0x4c ./USB_DEVICE/Target/usbd_conf.o
                0x0000000008006de2                USBD_LL_OpenEP
 .text.USBD_LL_CloseEP
                0x0000000008006e2e       0x3e ./USB_DEVICE/Target/usbd_conf.o
                0x0000000008006e2e                USBD_LL_CloseEP
 .text.USBD_LL_StallEP
                0x0000000008006e6c       0x3e ./USB_DEVICE/Target/usbd_conf.o
                0x0000000008006e6c                USBD_LL_StallEP
 .text.USBD_LL_ClearStallEP
                0x0000000008006eaa       0x3e ./USB_DEVICE/Target/usbd_conf.o
                0x0000000008006eaa                USBD_LL_ClearStallEP
 .text.USBD_LL_IsStallEP
                0x0000000008006ee8       0x58 ./USB_DEVICE/Target/usbd_conf.o
                0x0000000008006ee8                USBD_LL_IsStallEP
 .text.USBD_LL_SetUSBAddress
                0x0000000008006f40       0x3e ./USB_DEVICE/Target/usbd_conf.o
                0x0000000008006f40                USBD_LL_SetUSBAddress
 .text.USBD_LL_Transmit
                0x0000000008006f7e       0x42 ./USB_DEVICE/Target/usbd_conf.o
                0x0000000008006f7e                USBD_LL_Transmit
 .text.USBD_LL_PrepareReceive
                0x0000000008006fc0       0x42 ./USB_DEVICE/Target/usbd_conf.o
                0x0000000008006fc0                USBD_LL_PrepareReceive
 .text.USBD_LL_GetRxDataSize
                0x0000000008007002       0x26 ./USB_DEVICE/Target/usbd_conf.o
                0x0000000008007002                USBD_LL_GetRxDataSize
 .text.USBD_static_malloc
                0x0000000008007028       0x1c ./USB_DEVICE/Target/usbd_conf.o
                0x0000000008007028                USBD_static_malloc
 .text.USBD_static_free
                0x0000000008007044       0x14 ./USB_DEVICE/Target/usbd_conf.o
                0x0000000008007044                USBD_static_free
 .text.USBD_Get_USB_Status
                0x0000000008007058       0x58 ./USB_DEVICE/Target/usbd_conf.o
                0x0000000008007058                USBD_Get_USB_Status
 .text.__libc_init_array
                0x00000000080070b0       0x48 d:/program files/st/stm32cubeide_1.8.0/stm32cubeide/plugins/com.st.stm32cube.ide.mcu.externaltools.gnu-tools-for-stm32.9-2020-q2-update.win32_2.0.0.202105311346/tools/bin/../lib/gcc/arm-none-eabi/9.3.1/../../../../arm-none-eabi/lib/thumb/v7e-m+fp/hard\libc_nano.a(lib_a-init.o)
                0x00000000080070b0                __libc_init_array
 .text.memset   0x00000000080070f8       0x10 d:/program files/st/stm32cubeide_1.8.0/stm32cubeide/plugins/com.st.stm32cube.ide.mcu.externaltools.gnu-tools-for-stm32.9-2020-q2-update.win32_2.0.0.202105311346/tools/bin/../lib/gcc/arm-none-eabi/9.3.1/../../../../arm-none-eabi/lib/thumb/v7e-m+fp/hard\libc_nano.a(lib_a-memset.o)
                0x00000000080070f8                memset
 *(.glue_7)
 .glue_7        0x0000000008007108        0x0 linker stubs
 *(.glue_7t)
 .glue_7t       0x0000000008007108        0x0 linker stubs
 *(.eh_frame)
 .eh_frame      0x0000000008007108        0x0 d:/program files/st/stm32cubeide_1.8.0/stm32cubeide/plugins/com.st.stm32cube.ide.mcu.externaltools.gnu-tools-for-stm32.9-2020-q2-update.win32_2.0.0.202105311346/tools/bin/../lib/gcc/arm-none-eabi/9.3.1/thumb/v7e-m+fp/hard/crtbegin.o
 *(.init)
 .init          0x0000000008007108        0x4 d:/program files/st/stm32cubeide_1.8.0/stm32cubeide/plugins/com.st.stm32cube.ide.mcu.externaltools.gnu-tools-for-stm32.9-2020-q2-update.win32_2.0.0.202105311346/tools/bin/../lib/gcc/arm-none-eabi/9.3.1/thumb/v7e-m+fp/hard/crti.o
                0x0000000008007108                _init
 .init          0x000000000800710c        0x8 d:/program files/st/stm32cubeide_1.8.0/stm32cubeide/plugins/com.st.stm32cube.ide.mcu.externaltools.gnu-tools-for-stm32.9-2020-q2-update.win32_2.0.0.202105311346/tools/bin/../lib/gcc/arm-none-eabi/9.3.1/thumb/v7e-m+fp/hard/crtn.o
 *(.fini)
 .fini          0x0000000008007114        0x4 d:/program files/st/stm32cubeide_1.8.0/stm32cubeide/plugins/com.st.stm32cube.ide.mcu.externaltools.gnu-tools-for-stm32.9-2020-q2-update.win32_2.0.0.202105311346/tools/bin/../lib/gcc/arm-none-eabi/9.3.1/thumb/v7e-m+fp/hard/crti.o
                0x0000000008007114                _fini
 .fini          0x0000000008007118        0x8 d:/program files/st/stm32cubeide_1.8.0/stm32cubeide/plugins/com.st.stm32cube.ide.mcu.externaltools.gnu-tools-for-stm32.9-2020-q2-update.win32_2.0.0.202105311346/tools/bin/../lib/gcc/arm-none-eabi/9.3.1/thumb/v7e-m+fp/hard/crtn.o
                0x0000000008007120                . = ALIGN (0x4)
                0x0000000008007120                _etext = .

.vfp11_veneer   0x0000000008007120        0x0
 .vfp11_veneer  0x0000000008007120        0x0 linker stubs

.v4_bx          0x0000000008007120        0x0
 .v4_bx         0x0000000008007120        0x0 linker stubs

.iplt           0x0000000008007120        0x0
 .iplt          0x0000000008007120        0x0 d:/program files/st/stm32cubeide_1.8.0/stm32cubeide/plugins/com.st.stm32cube.ide.mcu.externaltools.gnu-tools-for-stm32.9-2020-q2-update.win32_2.0.0.202105311346/tools/bin/../lib/gcc/arm-none-eabi/9.3.1/thumb/v7e-m+fp/hard/crtbegin.o

.rodata         0x0000000008007120       0x58
                0x0000000008007120                . = ALIGN (0x4)
 *(.rodata)
 .rodata        0x0000000008007120       0x46 ./USB_DEVICE/App/usbd_desc.o
 *(.rodata*)
 *fill*         0x0000000008007166        0x2 
 .rodata.AHBPrescTable
                0x0000000008007168       0x10 ./Core/Src/system_stm32f4xx.o
                0x0000000008007168                AHBPrescTable
                0x0000000008007178                . = ALIGN (0x4)

.ARM.extab      0x0000000008007178        0x0
                0x0000000008007178                . = ALIGN (0x4)
 *(.ARM.extab* .gnu.linkonce.armextab.*)
                0x0000000008007178                . = ALIGN (0x4)

.ARM            0x0000000008007178        0x8
                0x0000000008007178                . = ALIGN (0x4)
                0x0000000008007178                __exidx_start = .
 *(.ARM.exidx*)
 .ARM.exidx     0x0000000008007178        0x8 d:/program files/st/stm32cubeide_1.8.0/stm32cubeide/plugins/com.st.stm32cube.ide.mcu.externaltools.gnu-tools-for-stm32.9-2020-q2-update.win32_2.0.0.202105311346/tools/bin/../lib/gcc/arm-none-eabi/9.3.1/thumb/v7e-m+fp/hard\libgcc.a(_udivmoddi4.o)
                0x0000000008007180                __exidx_end = .
                0x0000000008007180                . = ALIGN (0x4)

.rel.dyn        0x0000000008007180        0x0
 .rel.iplt      0x0000000008007180        0x0 d:/program files/st/stm32cubeide_1.8.0/stm32cubeide/plugins/com.st.stm32cube.ide.mcu.externaltools.gnu-tools-for-stm32.9-2020-q2-update.win32_2.0.0.202105311346/tools/bin/../lib/gcc/arm-none-eabi/9.3.1/thumb/v7e-m+fp/hard/crtbegin.o

.preinit_array  0x0000000008007180        0x0
                0x0000000008007180                . = ALIGN (0x4)
                0x0000000008007180                PROVIDE (__preinit_array_start = .)
 *(.preinit_array*)
                0x0000000008007180                PROVIDE (__preinit_array_end = .)
                0x0000000008007180                . = ALIGN (0x4)

.init_array     0x0000000008007180        0x4
                0x0000000008007180                . = ALIGN (0x4)
                0x0000000008007180                PROVIDE (__init_array_start = .)
 *(SORT_BY_NAME(.init_array.*))
 *(.init_array*)
 .init_array    0x0000000008007180        0x4 d:/program files/st/stm32cubeide_1.8.0/stm32cubeide/plugins/com.st.stm32cube.ide.mcu.externaltools.gnu-tools-for-stm32.9-2020-q2-update.win32_2.0.0.202105311346/tools/bin/../lib/gcc/arm-none-eabi/9.3.1/thumb/v7e-m+fp/hard/crtbegin.o
                0x0000000008007184                PROVIDE (__init_array_end = .)
                0x0000000008007184                . = ALIGN (0x4)

.fini_array     0x0000000008007184        0x4
                0x0000000008007184                . = ALIGN (0x4)
                [!provide]                        PROVIDE (__fini_array_start = .)
 *(SORT_BY_NAME(.fini_array.*))
 *(.fini_array*)
 .fini_array    0x0000000008007184        0x4 d:/program files/st/stm32cubeide_1.8.0/stm32cubeide/plugins/com.st.stm32cube.ide.mcu.externaltools.gnu-tools-for-stm32.9-2020-q2-update.win32_2.0.0.202105311346/tools/bin/../lib/gcc/arm-none-eabi/9.3.1/thumb/v7e-m+fp/hard/crtbegin.o
                [!provide]                        PROVIDE (__fini_array_end = .)
                0x0000000008007188                . = ALIGN (0x4)
                0x0000000008007188                _sidata = LOADADDR (.data)

.data           0x0000000020000000      0x180 load address 0x0000000008007188
                0x0000000020000000                . = ALIGN (0x4)
                0x0000000020000000                _sdata = .
 *(.data)
 *(.data*)
 .data.SystemCoreClock
                0x0000000020000000        0x4 ./Core/Src/system_stm32f4xx.o
                0x0000000020000000                SystemCoreClock
 .data.uwTickPrio
                0x0000000020000004        0x4 ./Drivers/STM32F4xx_HAL_Driver/stm32f4xx_hal.o
                0x0000000020000004                uwTickPrio
 .data.uwTickFreq
                0x0000000020000008        0x1 ./Drivers/STM32F4xx_HAL_Driver/stm32f4xx_hal.o
                0x0000000020000008                uwTickFreq
 *fill*         0x0000000020000009        0x3 
 .data.USBD_CDC_DeviceQualifierDesc
                0x000000002000000c        0xa ./Middlewares/USB_Device_Library/usbd_cdc.o
 *fill*         0x0000000020000016        0x2 
 .data.USBD_CDC
                0x0000000020000018       0x38 ./Middlewares/USB_Device_Library/usbd_cdc.o
                0x0000000020000018                USBD_CDC
 .data.USBD_CDC_CfgHSDesc
                0x0000000020000050       0x43 ./Middlewares/USB_Device_Library/usbd_cdc.o
 *fill*         0x0000000020000093        0x1 
 .data.USBD_CDC_CfgFSDesc
                0x0000000020000094       0x43 ./Middlewares/USB_Device_Library/usbd_cdc.o
 *fill*         0x00000000200000d7        0x1 
 .data.USBD_CDC_OtherSpeedCfgDesc
                0x00000000200000d8       0x43 ./Middlewares/USB_Device_Library/usbd_cdc.o
 *fill*         0x000000002000011b        0x1 
 .data.USBD_Interface_fops_FS
                0x000000002000011c       0x14 ./USB_DEVICE/App/usbd_cdc_if.o
                0x000000002000011c                USBD_Interface_fops_FS
 .data.FS_Desc  0x0000000020000130       0x1c ./USB_DEVICE/App/usbd_desc.o
                0x0000000020000130                FS_Desc
 .data.USBD_FS_DeviceDesc
                0x000000002000014c       0x12 ./USB_DEVICE/App/usbd_desc.o
                0x000000002000014c                USBD_FS_DeviceDesc
 *fill*         0x000000002000015e        0x2 
 .data.USBD_LangIDDesc
                0x0000000020000160        0x4 ./USB_DEVICE/App/usbd_desc.o
                0x0000000020000160                USBD_LangIDDesc
 .data.USBD_StringSerial
                0x0000000020000164       0x1a ./USB_DEVICE/App/usbd_desc.o
                0x0000000020000164                USBD_StringSerial
 *(.RamFunc)
 *(.RamFunc*)
                0x0000000020000180                . = ALIGN (0x4)
 *fill*         0x000000002000017e        0x2 
                0x0000000020000180                _edata = .
                0x0000000008007308                _siccmram = LOADADDR (.ccmram)

.igot.plt       0x0000000020000180        0x0 load address 0x0000000008007308
 .igot.plt      0x0000000020000180        0x0 d:/program files/st/stm32cubeide_1.8.0/stm32cubeide/plugins/com.st.stm32cube.ide.mcu.externaltools.gnu-tools-for-stm32.9-2020-q2-update.win32_2.0.0.202105311346/tools/bin/../lib/gcc/arm-none-eabi/9.3.1/thumb/v7e-m+fp/hard/crtbegin.o

.ccmram         0x0000000010000000        0x0 load address 0x0000000008007308
                0x0000000010000000                . = ALIGN (0x4)
                0x0000000010000000                _sccmram = .
 *(.ccmram)
 *(.ccmram*)
                0x0000000010000000                . = ALIGN (0x4)
                0x0000000010000000                _eccmram = .
                0x0000000010000000                . = ALIGN (0x4)

.bss            0x0000000020000180     0x1bb8
                0x0000000020000180                _sbss = .
                0x0000000020000180                __bss_start__ = _sbss
 *(.bss)
 .bss           0x0000000020000180       0x1c d:/program files/st/stm32cubeide_1.8.0/stm32cubeide/plugins/com.st.stm32cube.ide.mcu.externaltools.gnu-tools-for-stm32.9-2020-q2-update.win32_2.0.0.202105311346/tools/bin/../lib/gcc/arm-none-eabi/9.3.1/thumb/v7e-m+fp/hard/crtbegin.o
 *(.bss*)
 .bss.HAL_RCC_CAN1_CLK_ENABLED
                0x000000002000019c        0x4 ./Core/Src/can.o
 .bss.cfgidx.10587
                0x00000000200001a0        0x1 ./Middlewares/USB_Device_Library/usbd_ctlreq.o
 *fill*         0x00000000200001a1        0x3 
 .bss.mem.10656
                0x00000000200001a4      0x220 ./USB_DEVICE/Target/usbd_conf.o
 *(COMMON)
 COMMON         0x00000000200003c4       0x50 ./Core/Src/can.o
                0x00000000200003c4                hcan2
                0x00000000200003ec                hcan1
 COMMON         0x0000000020000414       0x48 ./Core/Src/tim.o
                0x0000000020000414                htim2
 COMMON         0x000000002000045c        0x4 ./Drivers/STM32F4xx_HAL_Driver/stm32f4xx_hal.o
                0x000000002000045c                uwTick
 COMMON         0x0000000020000460      0x2d0 ./USB_DEVICE/App/usb_device.o
                0x0000000020000460                hUsbDeviceFS
 COMMON         0x0000000020000730     0x1000 ./USB_DEVICE/App/usbd_cdc_if.o
                0x0000000020000730                UserRxBufferFS
                0x0000000020000f30                UserTxBufferFS
 COMMON         0x0000000020001730      0x200 ./USB_DEVICE/App/usbd_desc.o
                0x0000000020001730                USBD_StrDesc
 COMMON         0x0000000020001930      0x408 ./USB_DEVICE/Target/usbd_conf.o
                0x0000000020001930                hpcd_USB_OTG_FS
                0x0000000020001d38                . = ALIGN (0x4)
                0x0000000020001d38                _ebss = .
                0x0000000020001d38                __bss_end__ = _ebss

._user_heap_stack
                0x0000000020001d38      0x600
                0x0000000020001d38                . = ALIGN (0x8)
                [!provide]                        PROVIDE (end = .)
                0x0000000020001d38                PROVIDE (_end = .)
                0x0000000020001f38                . = (. + _Min_Heap_Size)
 *fill*         0x0000000020001d38      0x200 
                0x0000000020002338                . = (. + _Min_Stack_Size)
 *fill*         0x0000000020001f38      0x400 
                0x0000000020002338                . = ALIGN (0x8)

/DISCARD/
 libc.a(*)
 libm.a(*)
 libgcc.a(*)

.ARM.attributes
                0x0000000000000000       0x30
 *(.ARM.attributes)
 .ARM.attributes
                0x0000000000000000       0x1e d:/program files/st/stm32cubeide_1.8.0/stm32cubeide/plugins/com.st.stm32cube.ide.mcu.externaltools.gnu-tools-for-stm32.9-2020-q2-update.win32_2.0.0.202105311346/tools/bin/../lib/gcc/arm-none-eabi/9.3.1/thumb/v7e-m+fp/hard/crti.o
 .ARM.attributes
                0x000000000000001e       0x34 d:/program files/st/stm32cubeide_1.8.0/stm32cubeide/plugins/com.st.stm32cube.ide.mcu.externaltools.gnu-tools-for-stm32.9-2020-q2-update.win32_2.0.0.202105311346/tools/bin/../lib/gcc/arm-none-eabi/9.3.1/thumb/v7e-m+fp/hard/crtbegin.o
 .ARM.attributes
                0x0000000000000052       0x34 ./Core/Src/can.o
 .ARM.attributes
                0x0000000000000086       0x34 ./Core/Src/gpio.o
 .ARM.attributes
                0x00000000000000ba       0x34 ./Core/Src/main.o
 .ARM.attributes
                0x00000000000000ee       0x34 ./Core/Src/stm32f4xx_hal_msp.o
 .ARM.attributes
                0x0000000000000122       0x34 ./Core/Src/stm32f4xx_it.o
 .ARM.attributes
                0x0000000000000156       0x34 ./Core/Src/system_stm32f4xx.o
 .ARM.attributes
                0x000000000000018a       0x34 ./Core/Src/tim.o
 .ARM.attributes
                0x00000000000001be       0x21 ./Core/Startup/startup_stm32f407vetx.o
 .ARM.attributes
                0x00000000000001df       0x34 ./Drivers/STM32F4xx_HAL_Driver/stm32f4xx_hal.o
 .ARM.attributes
                0x0000000000000213       0x34 ./Drivers/STM32F4xx_HAL_Driver/stm32f4xx_hal_can.o
 .ARM.attributes
                0x0000000000000247       0x34 ./Drivers/STM32F4xx_HAL_Driver/stm32f4xx_hal_cortex.o
 .ARM.attributes
                0x000000000000027b       0x34 ./Drivers/STM32F4xx_HAL_Driver/stm32f4xx_hal_gpio.o
 .ARM.attributes
                0x00000000000002af       0x34 ./Drivers/STM32F4xx_HAL_Driver/stm32f4xx_hal_pcd.o
 .ARM.attributes
                0x00000000000002e3       0x34 ./Drivers/STM32F4xx_HAL_Driver/stm32f4xx_hal_pcd_ex.o
 .ARM.attributes
                0x0000000000000317       0x34 ./Drivers/STM32F4xx_HAL_Driver/stm32f4xx_hal_rcc.o
 .ARM.attributes
                0x000000000000034b       0x34 ./Drivers/STM32F4xx_HAL_Driver/stm32f4xx_hal_tim.o
 .ARM.attributes
                0x000000000000037f       0x34 ./Drivers/STM32F4xx_HAL_Driver/stm32f4xx_hal_tim_ex.o
 .ARM.attributes
                0x00000000000003b3       0x34 ./Drivers/STM32F4xx_HAL_Driver/stm32f4xx_ll_usb.o
 .ARM.attributes
                0x00000000000003e7       0x34 ./Middlewares/USB_Device_Library/usbd_cdc.o
 .ARM.attributes
                0x000000000000041b       0x34 ./Middlewares/USB_Device_Library/usbd_core.o
 .ARM.attributes
                0x000000000000044f       0x34 ./Middlewares/USB_Device_Library/usbd_ctlreq.o
 .ARM.attributes
                0x0000000000000483       0x34 ./Middlewares/USB_Device_Library/usbd_ioreq.o
 .ARM.attributes
                0x00000000000004b7       0x34 ./USB_DEVICE/App/usb_device.o
 .ARM.attributes
                0x00000000000004eb       0x34 ./USB_DEVICE/App/usbd_cdc_if.o
 .ARM.attributes
                0x000000000000051f       0x34 ./USB_DEVICE/App/usbd_desc.o
 .ARM.attributes
                0x0000000000000553       0x34 ./USB_DEVICE/Target/usbd_conf.o
 .ARM.attributes
                0x0000000000000587       0x34 d:/program files/st/stm32cubeide_1.8.0/stm32cubeide/plugins/com.st.stm32cube.ide.mcu.externaltools.gnu-tools-for-stm32.9-2020-q2-update.win32_2.0.0.202105311346/tools/bin/../lib/gcc/arm-none-eabi/9.3.1/../../../../arm-none-eabi/lib/thumb/v7e-m+fp/hard\libc_nano.a(lib_a-init.o)
 .ARM.attributes
                0x00000000000005bb       0x34 d:/program files/st/stm32cubeide_1.8.0/stm32cubeide/plugins/com.st.stm32cube.ide.mcu.externaltools.gnu-tools-for-stm32.9-2020-q2-update.win32_2.0.0.202105311346/tools/bin/../lib/gcc/arm-none-eabi/9.3.1/../../../../arm-none-eabi/lib/thumb/v7e-m+fp/hard\libc_nano.a(lib_a-memset.o)
 .ARM.attributes
                0x00000000000005ef       0x1e d:/program files/st/stm32cubeide_1.8.0/stm32cubeide/plugins/com.st.stm32cube.ide.mcu.externaltools.gnu-tools-for-stm32.9-2020-q2-update.win32_2.0.0.202105311346/tools/bin/../lib/gcc/arm-none-eabi/9.3.1/thumb/v7e-m+fp/hard\libgcc.a(_aeabi_uldivmod.o)
 .ARM.attributes
                0x000000000000060d       0x34 d:/program files/st/stm32cubeide_1.8.0/stm32cubeide/plugins/com.st.stm32cube.ide.mcu.externaltools.gnu-tools-for-stm32.9-2020-q2-update.win32_2.0.0.202105311346/tools/bin/../lib/gcc/arm-none-eabi/9.3.1/thumb/v7e-m+fp/hard\libgcc.a(_udivmoddi4.o)
 .ARM.attributes
                0x0000000000000641       0x1e d:/program files/st/stm32cubeide_1.8.0/stm32cubeide/plugins/com.st.stm32cube.ide.mcu.externaltools.gnu-tools-for-stm32.9-2020-q2-update.win32_2.0.0.202105311346/tools/bin/../lib/gcc/arm-none-eabi/9.3.1/thumb/v7e-m+fp/hard\libgcc.a(_dvmd_tls.o)
 .ARM.attributes
                0x000000000000065f       0x1e d:/program files/st/stm32cubeide_1.8.0/stm32cubeide/plugins/com.st.stm32cube.ide.mcu.externaltools.gnu-tools-for-stm32.9-2020-q2-update.win32_2.0.0.202105311346/tools/bin/../lib/gcc/arm-none-eabi/9.3.1/thumb/v7e-m+fp/hard/crtn.o
OUTPUT(Battery_V1.elf elf32-littlearm)
LOAD linker stubs
LOAD d:/program files/st/stm32cubeide_1.8.0/stm32cubeide/plugins/com.st.stm32cube.ide.mcu.externaltools.gnu-tools-for-stm32.9-2020-q2-update.win32_2.0.0.202105311346/tools/bin/../lib/gcc/arm-none-eabi/9.3.1/../../../../arm-none-eabi/lib/thumb/v7e-m+fp/hard\libc.a
LOAD d:/program files/st/stm32cubeide_1.8.0/stm32cubeide/plugins/com.st.stm32cube.ide.mcu.externaltools.gnu-tools-for-stm32.9-2020-q2-update.win32_2.0.0.202105311346/tools/bin/../lib/gcc/arm-none-eabi/9.3.1/../../../../arm-none-eabi/lib/thumb/v7e-m+fp/hard\libm.a
LOAD d:/program files/st/stm32cubeide_1.8.0/stm32cubeide/plugins/com.st.stm32cube.ide.mcu.externaltools.gnu-tools-for-stm32.9-2020-q2-update.win32_2.0.0.202105311346/tools/bin/../lib/gcc/arm-none-eabi/9.3.1/thumb/v7e-m+fp/hard\libgcc.a

.debug_info     0x0000000000000000    0x19f60
 .debug_info    0x0000000000000000      0x9c1 ./Core/Src/can.o
 .debug_info    0x00000000000009c1      0x52f ./Core/Src/gpio.o
 .debug_info    0x0000000000000ef0     0x17fa ./Core/Src/main.o
 .debug_info    0x00000000000026ea      0x394 ./Core/Src/stm32f4xx_hal_msp.o
 .debug_info    0x0000000000002a7e      0xc91 ./Core/Src/stm32f4xx_it.o
 .debug_info    0x000000000000370f      0x5a4 ./Core/Src/system_stm32f4xx.o
 .debug_info    0x0000000000003cb3      0xc88 ./Core/Src/tim.o
 .debug_info    0x000000000000493b       0x22 ./Core/Startup/startup_stm32f407vetx.o
 .debug_info    0x000000000000495d      0x9b2 ./Drivers/STM32F4xx_HAL_Driver/stm32f4xx_hal.o
 .debug_info    0x000000000000530f     0x108c ./Drivers/STM32F4xx_HAL_Driver/stm32f4xx_hal_can.o
 .debug_info    0x000000000000639b      0xed7 ./Drivers/STM32F4xx_HAL_Driver/stm32f4xx_hal_cortex.o
 .debug_info    0x0000000000007272      0x83e ./Drivers/STM32F4xx_HAL_Driver/stm32f4xx_hal_gpio.o
 .debug_info    0x0000000000007ab0     0x12dd ./Drivers/STM32F4xx_HAL_Driver/stm32f4xx_hal_pcd.o
 .debug_info    0x0000000000008d8d      0x7c3 ./Drivers/STM32F4xx_HAL_Driver/stm32f4xx_hal_pcd_ex.o
 .debug_info    0x0000000000009550      0x996 ./Drivers/STM32F4xx_HAL_Driver/stm32f4xx_hal_rcc.o
 .debug_info    0x0000000000009ee6     0x2c22 ./Drivers/STM32F4xx_HAL_Driver/stm32f4xx_hal_tim.o
 .debug_info    0x000000000000cb08     0x15a2 ./Drivers/STM32F4xx_HAL_Driver/stm32f4xx_hal_tim_ex.o
 .debug_info    0x000000000000e0aa     0x1ab4 ./Drivers/STM32F4xx_HAL_Driver/stm32f4xx_ll_usb.o
 .debug_info    0x000000000000fb5e     0x198b ./Middlewares/USB_Device_Library/usbd_cdc.o
 .debug_info    0x00000000000114e9     0x13a7 ./Middlewares/USB_Device_Library/usbd_core.o
 .debug_info    0x0000000000012890     0x1373 ./Middlewares/USB_Device_Library/usbd_ctlreq.o
 .debug_info    0x0000000000013c03     0x1095 ./Middlewares/USB_Device_Library/usbd_ioreq.o
 .debug_info    0x0000000000014c98      0xffe ./USB_DEVICE/App/usb_device.o
 .debug_info    0x0000000000015c96     0x122f ./USB_DEVICE/App/usbd_cdc_if.o
 .debug_info    0x0000000000016ec5      0xdfa ./USB_DEVICE/App/usbd_desc.o
 .debug_info    0x0000000000017cbf     0x22a1 ./USB_DEVICE/Target/usbd_conf.o

.debug_abbrev   0x0000000000000000     0x393e
 .debug_abbrev  0x0000000000000000      0x1d5 ./Core/Src/can.o
 .debug_abbrev  0x00000000000001d5      0x14e ./Core/Src/gpio.o
 .debug_abbrev  0x0000000000000323      0x28b ./Core/Src/main.o
 .debug_abbrev  0x00000000000005ae      0x11d ./Core/Src/stm32f4xx_hal_msp.o
 .debug_abbrev  0x00000000000006cb      0x1c7 ./Core/Src/stm32f4xx_it.o
 .debug_abbrev  0x0000000000000892      0x145 ./Core/Src/system_stm32f4xx.o
 .debug_abbrev  0x00000000000009d7      0x1bb ./Core/Src/tim.o
 .debug_abbrev  0x0000000000000b92       0x12 ./Core/Startup/startup_stm32f407vetx.o
 .debug_abbrev  0x0000000000000ba4      0x1ed ./Drivers/STM32F4xx_HAL_Driver/stm32f4xx_hal.o
 .debug_abbrev  0x0000000000000d91      0x246 ./Drivers/STM32F4xx_HAL_Driver/stm32f4xx_hal_can.o
 .debug_abbrev  0x0000000000000fd7      0x33c ./Drivers/STM32F4xx_HAL_Driver/stm32f4xx_hal_cortex.o
 .debug_abbrev  0x0000000000001313      0x1f1 ./Drivers/STM32F4xx_HAL_Driver/stm32f4xx_hal_gpio.o
 .debug_abbrev  0x0000000000001504      0x2a0 ./Drivers/STM32F4xx_HAL_Driver/stm32f4xx_hal_pcd.o
 .debug_abbrev  0x00000000000017a4      0x1fb ./Drivers/STM32F4xx_HAL_Driver/stm32f4xx_hal_pcd_ex.o
 .debug_abbrev  0x000000000000199f      0x275 ./Drivers/STM32F4xx_HAL_Driver/stm32f4xx_hal_rcc.o
 .debug_abbrev  0x0000000000001c14      0x25e ./Drivers/STM32F4xx_HAL_Driver/stm32f4xx_hal_tim.o
 .debug_abbrev  0x0000000000001e72      0x266 ./Drivers/STM32F4xx_HAL_Driver/stm32f4xx_hal_tim_ex.o
 .debug_abbrev  0x00000000000020d8      0x2a7 ./Drivers/STM32F4xx_HAL_Driver/stm32f4xx_ll_usb.o
 .debug_abbrev  0x000000000000237f      0x2fc ./Middlewares/USB_Device_Library/usbd_cdc.o
 .debug_abbrev  0x000000000000267b      0x2b7 ./Middlewares/USB_Device_Library/usbd_core.o
 .debug_abbrev  0x0000000000002932      0x2fc ./Middlewares/USB_Device_Library/usbd_ctlreq.o
 .debug_abbrev  0x0000000000002c2e      0x22a ./Middlewares/USB_Device_Library/usbd_ioreq.o
 .debug_abbrev  0x0000000000002e58      0x204 ./USB_DEVICE/App/usb_device.o
 .debug_abbrev  0x000000000000305c      0x30c ./USB_DEVICE/App/usbd_cdc_if.o
 .debug_abbrev  0x0000000000003368      0x2aa ./USB_DEVICE/App/usbd_desc.o
 .debug_abbrev  0x0000000000003612      0x32c ./USB_DEVICE/Target/usbd_conf.o

.debug_aranges  0x0000000000000000     0x11f8
 .debug_aranges
                0x0000000000000000       0x38 ./Core/Src/can.o
 .debug_aranges
                0x0000000000000038       0x20 ./Core/Src/gpio.o
 .debug_aranges
                0x0000000000000058       0x30 ./Core/Src/main.o
 .debug_aranges
                0x0000000000000088       0x20 ./Core/Src/stm32f4xx_hal_msp.o
 .debug_aranges
                0x00000000000000a8       0x70 ./Core/Src/stm32f4xx_it.o
 .debug_aranges
                0x0000000000000118       0x28 ./Core/Src/system_stm32f4xx.o
 .debug_aranges
                0x0000000000000140       0x30 ./Core/Src/tim.o
 .debug_aranges
                0x0000000000000170       0x28 ./Core/Startup/startup_stm32f407vetx.o
 .debug_aranges
                0x0000000000000198       0xf0 ./Drivers/STM32F4xx_HAL_Driver/stm32f4xx_hal.o
 .debug_aranges
                0x0000000000000288      0x138 ./Drivers/STM32F4xx_HAL_Driver/stm32f4xx_hal_can.o
 .debug_aranges
                0x00000000000003c0      0x118 ./Drivers/STM32F4xx_HAL_Driver/stm32f4xx_hal_cortex.o
 .debug_aranges
                0x00000000000004d8       0x58 ./Drivers/STM32F4xx_HAL_Driver/stm32f4xx_hal_gpio.o
 .debug_aranges
                0x0000000000000530      0x138 ./Drivers/STM32F4xx_HAL_Driver/stm32f4xx_hal_pcd.o
 .debug_aranges
                0x0000000000000668       0x38 ./Drivers/STM32F4xx_HAL_Driver/stm32f4xx_hal_pcd_ex.o
 .debug_aranges
                0x00000000000006a0       0x88 ./Drivers/STM32F4xx_HAL_Driver/stm32f4xx_hal_rcc.o
 .debug_aranges
                0x0000000000000728      0x3d0 ./Drivers/STM32F4xx_HAL_Driver/stm32f4xx_hal_tim.o
 .debug_aranges
                0x0000000000000af8      0x168 ./Drivers/STM32F4xx_HAL_Driver/stm32f4xx_hal_tim_ex.o
 .debug_aranges
                0x0000000000000c60      0x198 ./Drivers/STM32F4xx_HAL_Driver/stm32f4xx_ll_usb.o
 .debug_aranges
                0x0000000000000df8       0x90 ./Middlewares/USB_Device_Library/usbd_cdc.o
 .debug_aranges
                0x0000000000000e88       0xb8 ./Middlewares/USB_Device_Library/usbd_core.o
 .debug_aranges
                0x0000000000000f40       0x90 ./Middlewares/USB_Device_Library/usbd_ctlreq.o
 .debug_aranges
                0x0000000000000fd0       0x50 ./Middlewares/USB_Device_Library/usbd_ioreq.o
 .debug_aranges
                0x0000000000001020       0x20 ./USB_DEVICE/App/usb_device.o
 .debug_aranges
                0x0000000000001040       0x48 ./USB_DEVICE/App/usbd_cdc_if.o
 .debug_aranges
                0x0000000000001088       0x60 ./USB_DEVICE/App/usbd_desc.o
 .debug_aranges
                0x00000000000010e8      0x110 ./USB_DEVICE/Target/usbd_conf.o

.debug_ranges   0x0000000000000000     0x1060
 .debug_ranges  0x0000000000000000       0x28 ./Core/Src/can.o
 .debug_ranges  0x0000000000000028       0x10 ./Core/Src/gpio.o
 .debug_ranges  0x0000000000000038       0x20 ./Core/Src/main.o
 .debug_ranges  0x0000000000000058       0x10 ./Core/Src/stm32f4xx_hal_msp.o
 .debug_ranges  0x0000000000000068       0x60 ./Core/Src/stm32f4xx_it.o
 .debug_ranges  0x00000000000000c8       0x18 ./Core/Src/system_stm32f4xx.o
 .debug_ranges  0x00000000000000e0       0x20 ./Core/Src/tim.o
 .debug_ranges  0x0000000000000100       0x20 ./Core/Startup/startup_stm32f407vetx.o
 .debug_ranges  0x0000000000000120       0xe0 ./Drivers/STM32F4xx_HAL_Driver/stm32f4xx_hal.o
 .debug_ranges  0x0000000000000200      0x128 ./Drivers/STM32F4xx_HAL_Driver/stm32f4xx_hal_can.o
 .debug_ranges  0x0000000000000328      0x108 ./Drivers/STM32F4xx_HAL_Driver/stm32f4xx_hal_cortex.o
 .debug_ranges  0x0000000000000430       0x48 ./Drivers/STM32F4xx_HAL_Driver/stm32f4xx_hal_gpio.o
 .debug_ranges  0x0000000000000478      0x128 ./Drivers/STM32F4xx_HAL_Driver/stm32f4xx_hal_pcd.o
 .debug_ranges  0x00000000000005a0       0x28 ./Drivers/STM32F4xx_HAL_Driver/stm32f4xx_hal_pcd_ex.o
 .debug_ranges  0x00000000000005c8       0x78 ./Drivers/STM32F4xx_HAL_Driver/stm32f4xx_hal_rcc.o
 .debug_ranges  0x0000000000000640      0x3c0 ./Drivers/STM32F4xx_HAL_Driver/stm32f4xx_hal_tim.o
 .debug_ranges  0x0000000000000a00      0x158 ./Drivers/STM32F4xx_HAL_Driver/stm32f4xx_hal_tim_ex.o
 .debug_ranges  0x0000000000000b58      0x188 ./Drivers/STM32F4xx_HAL_Driver/stm32f4xx_ll_usb.o
 .debug_ranges  0x0000000000000ce0       0x80 ./Middlewares/USB_Device_Library/usbd_cdc.o
 .debug_ranges  0x0000000000000d60       0xa8 ./Middlewares/USB_Device_Library/usbd_core.o
 .debug_ranges  0x0000000000000e08       0x80 ./Middlewares/USB_Device_Library/usbd_ctlreq.o
 .debug_ranges  0x0000000000000e88       0x40 ./Middlewares/USB_Device_Library/usbd_ioreq.o
 .debug_ranges  0x0000000000000ec8       0x10 ./USB_DEVICE/App/usb_device.o
 .debug_ranges  0x0000000000000ed8       0x38 ./USB_DEVICE/App/usbd_cdc_if.o
 .debug_ranges  0x0000000000000f10       0x50 ./USB_DEVICE/App/usbd_desc.o
 .debug_ranges  0x0000000000000f60      0x100 ./USB_DEVICE/Target/usbd_conf.o

.debug_macro    0x0000000000000000    0x247a3
 .debug_macro   0x0000000000000000      0x20b ./Core/Src/can.o
 .debug_macro   0x000000000000020b      0xaa8 ./Core/Src/can.o
 .debug_macro   0x0000000000000cb3      0x2a1 ./Core/Src/can.o
 .debug_macro   0x0000000000000f54       0x2e ./Core/Src/can.o
 .debug_macro   0x0000000000000f82       0x2f ./Core/Src/can.o
 .debug_macro   0x0000000000000fb1       0x22 ./Core/Src/can.o
 .debug_macro   0x0000000000000fd3       0x8e ./Core/Src/can.o
 .debug_macro   0x0000000000001061       0x51 ./Core/Src/can.o
 .debug_macro   0x00000000000010b2      0x103 ./Core/Src/can.o
 .debug_macro   0x00000000000011b5       0x6a ./Core/Src/can.o
 .debug_macro   0x000000000000121f      0x1df ./Core/Src/can.o
 .debug_macro   0x00000000000013fe       0x1c ./Core/Src/can.o
 .debug_macro   0x000000000000141a       0x22 ./Core/Src/can.o
 .debug_macro   0x000000000000143c       0xdf ./Core/Src/can.o
 .debug_macro   0x000000000000151b     0x102d ./Core/Src/can.o
 .debug_macro   0x0000000000002548      0x11f ./Core/Src/can.o
 .debug_macro   0x0000000000002667    0x15e58 ./Core/Src/can.o
 .debug_macro   0x00000000000184bf       0x6d ./Core/Src/can.o
 .debug_macro   0x000000000001852c     0x3666 ./Core/Src/can.o
 .debug_macro   0x000000000001bb92      0x174 ./Core/Src/can.o
 .debug_macro   0x000000000001bd06       0x5c ./Core/Src/can.o
 .debug_macro   0x000000000001bd62      0x96b ./Core/Src/can.o
 .debug_macro   0x000000000001c6cd      0x9fe ./Core/Src/can.o
 .debug_macro   0x000000000001d0cb      0x116 ./Core/Src/can.o
 .debug_macro   0x000000000001d1e1      0x13e ./Core/Src/can.o
 .debug_macro   0x000000000001d31f       0xa5 ./Core/Src/can.o
 .debug_macro   0x000000000001d3c4      0x174 ./Core/Src/can.o
 .debug_macro   0x000000000001d538      0x287 ./Core/Src/can.o
 .debug_macro   0x000000000001d7bf       0x5f ./Core/Src/can.o
 .debug_macro   0x000000000001d81e      0x236 ./Core/Src/can.o
 .debug_macro   0x000000000001da54      0x40f ./Core/Src/can.o
 .debug_macro   0x000000000001de63      0x12c ./Core/Src/can.o
 .debug_macro   0x000000000001df8f      0x21e ./Core/Src/can.o
 .debug_macro   0x000000000001e1ad       0x2e ./Core/Src/can.o
 .debug_macro   0x000000000001e1db      0x11a ./Core/Src/can.o
 .debug_macro   0x000000000001e2f5       0x7e ./Core/Src/can.o
 .debug_macro   0x000000000001e373       0x89 ./Core/Src/can.o
 .debug_macro   0x000000000001e3fc      0x8d1 ./Core/Src/can.o
 .debug_macro   0x000000000001eccd       0x47 ./Core/Src/can.o
 .debug_macro   0x000000000001ed14      0x21e ./Core/Src/can.o
 .debug_macro   0x000000000001ef32       0xba ./Core/Src/can.o
 .debug_macro   0x000000000001efec      0x12d ./Core/Src/can.o
 .debug_macro   0x000000000001f119       0x1c ./Core/Src/can.o
 .debug_macro   0x000000000001f135      0x20b ./Core/Src/gpio.o
 .debug_macro   0x000000000001f340      0x432 ./Core/Src/main.o
 .debug_macro   0x000000000001f772       0x52 ./Core/Src/main.o
 .debug_macro   0x000000000001f7c4       0x18 ./Core/Src/main.o
 .debug_macro   0x000000000001f7dc       0x3c ./Core/Src/main.o
 .debug_macro   0x000000000001f818       0x34 ./Core/Src/main.o
 .debug_macro   0x000000000001f84c       0x16 ./Core/Src/main.o
 .debug_macro   0x000000000001f862       0x35 ./Core/Src/main.o
 .debug_macro   0x000000000001f897      0x333 ./Core/Src/main.o
 .debug_macro   0x000000000001fbca       0x10 ./Core/Src/main.o
 .debug_macro   0x000000000001fbda       0x16 ./Core/Src/main.o
 .debug_macro   0x000000000001fbf0       0x43 ./Core/Src/main.o
 .debug_macro   0x000000000001fc33       0x34 ./Core/Src/main.o
 .debug_macro   0x000000000001fc67       0x10 ./Core/Src/main.o
 .debug_macro   0x000000000001fc77       0x58 ./Core/Src/main.o
 .debug_macro   0x000000000001fccf       0x71 ./Core/Src/main.o
 .debug_macro   0x000000000001fd40       0x1c ./Core/Src/main.o
 .debug_macro   0x000000000001fd5c      0x12a ./Core/Src/main.o
 .debug_macro   0x000000000001fe86       0x10 ./Core/Src/main.o
 .debug_macro   0x000000000001fe96       0x1c ./Core/Src/main.o
 .debug_macro   0x000000000001feb2       0x52 ./Core/Src/main.o
 .debug_macro   0x000000000001ff04       0x22 ./Core/Src/main.o
 .debug_macro   0x000000000001ff26       0x10 ./Core/Src/main.o
 .debug_macro   0x000000000001ff36       0x40 ./Core/Src/main.o
 .debug_macro   0x000000000001ff76       0xd5 ./Core/Src/main.o
 .debug_macro   0x000000000002004b       0x1c ./Core/Src/main.o
 .debug_macro   0x0000000000020067       0x3d ./Core/Src/main.o
 .debug_macro   0x00000000000200a4       0x16 ./Core/Src/main.o
 .debug_macro   0x00000000000200ba      0x145 ./Core/Src/main.o
 .debug_macro   0x00000000000201ff       0x16 ./Core/Src/main.o
 .debug_macro   0x0000000000020215       0x16 ./Core/Src/main.o
 .debug_macro   0x000000000002022b       0x29 ./Core/Src/main.o
 .debug_macro   0x0000000000020254       0x16 ./Core/Src/main.o
 .debug_macro   0x000000000002026a       0x20 ./Core/Src/main.o
 .debug_macro   0x000000000002028a       0x65 ./Core/Src/main.o
 .debug_macro   0x00000000000202ef      0x1ef ./Core/Src/main.o
 .debug_macro   0x00000000000204de      0x201 ./Core/Src/stm32f4xx_hal_msp.o
 .debug_macro   0x00000000000206df      0x20b ./Core/Src/stm32f4xx_it.o
 .debug_macro   0x00000000000208ea      0x1f2 ./Core/Src/system_stm32f4xx.o
 .debug_macro   0x0000000000020adc      0x20b ./Core/Src/tim.o
 .debug_macro   0x0000000000020ce7      0x252 ./Drivers/STM32F4xx_HAL_Driver/stm32f4xx_hal.o
 .debug_macro   0x0000000000020f39      0x1fa ./Drivers/STM32F4xx_HAL_Driver/stm32f4xx_hal_can.o
 .debug_macro   0x0000000000021133      0x1f2 ./Drivers/STM32F4xx_HAL_Driver/stm32f4xx_hal_cortex.o
 .debug_macro   0x0000000000021325      0x1f8 ./Drivers/STM32F4xx_HAL_Driver/stm32f4xx_hal_gpio.o
 .debug_macro   0x000000000002151d      0x1fe ./Drivers/STM32F4xx_HAL_Driver/stm32f4xx_hal_pcd.o
 .debug_macro   0x000000000002171b      0x1f2 ./Drivers/STM32F4xx_HAL_Driver/stm32f4xx_hal_pcd_ex.o
 .debug_macro   0x000000000002190d      0x216 ./Drivers/STM32F4xx_HAL_Driver/stm32f4xx_hal_rcc.o
 .debug_macro   0x0000000000021b23      0x1f3 ./Drivers/STM32F4xx_HAL_Driver/stm32f4xx_hal_tim.o
 .debug_macro   0x0000000000021d16      0x1f2 ./Drivers/STM32F4xx_HAL_Driver/stm32f4xx_hal_tim_ex.o
 .debug_macro   0x0000000000021f08      0x1f2 ./Drivers/STM32F4xx_HAL_Driver/stm32f4xx_ll_usb.o
 .debug_macro   0x00000000000220fa      0x417 ./Middlewares/USB_Device_Library/usbd_cdc.o
 .debug_macro   0x0000000000022511       0x97 ./Middlewares/USB_Device_Library/usbd_cdc.o
 .debug_macro   0x00000000000225a8       0xfd ./Middlewares/USB_Device_Library/usbd_cdc.o
 .debug_macro   0x00000000000226a5       0xd9 ./Middlewares/USB_Device_Library/usbd_cdc.o
 .debug_macro   0x000000000002277e       0x56 ./Middlewares/USB_Device_Library/usbd_cdc.o
 .debug_macro   0x00000000000227d4       0x95 ./Middlewares/USB_Device_Library/usbd_cdc.o
 .debug_macro   0x0000000000022869      0x3fe ./Middlewares/USB_Device_Library/usbd_core.o
 .debug_macro   0x0000000000022c67      0x1f5 ./Middlewares/USB_Device_Library/usbd_core.o
 .debug_macro   0x0000000000022e5c      0x408 ./Middlewares/USB_Device_Library/usbd_ctlreq.o
 .debug_macro   0x0000000000023264      0x404 ./Middlewares/USB_Device_Library/usbd_ioreq.o
 .debug_macro   0x0000000000023668      0x437 ./USB_DEVICE/App/usb_device.o
 .debug_macro   0x0000000000023a9f       0x22 ./USB_DEVICE/App/usb_device.o
 .debug_macro   0x0000000000023ac1       0x22 ./USB_DEVICE/App/usb_device.o
 .debug_macro   0x0000000000023ae3       0x16 ./USB_DEVICE/App/usb_device.o
 .debug_macro   0x0000000000023af9      0x422 ./USB_DEVICE/App/usbd_cdc_if.o
 .debug_macro   0x0000000000023f1b       0x10 ./USB_DEVICE/App/usbd_cdc_if.o
 .debug_macro   0x0000000000023f2b      0x441 ./USB_DEVICE/App/usbd_desc.o
 .debug_macro   0x000000000002436c       0x1c ./USB_DEVICE/App/usbd_desc.o
 .debug_macro   0x0000000000024388      0x41b ./USB_DEVICE/Target/usbd_conf.o

.debug_line     0x0000000000000000    0x192cc
 .debug_line    0x0000000000000000      0x965 ./Core/Src/can.o
 .debug_line    0x0000000000000965      0x869 ./Core/Src/gpio.o
 .debug_line    0x00000000000011ce      0xcb2 ./Core/Src/main.o
 .debug_line    0x0000000000001e80      0x857 ./Core/Src/stm32f4xx_hal_msp.o
 .debug_line    0x00000000000026d7      0x94a ./Core/Src/stm32f4xx_it.o
 .debug_line    0x0000000000003021      0x8d9 ./Core/Src/system_stm32f4xx.o
 .debug_line    0x00000000000038fa      0x8c5 ./Core/Src/tim.o
 .debug_line    0x00000000000041bf       0x88 ./Core/Startup/startup_stm32f407vetx.o
 .debug_line    0x0000000000004247      0xb78 ./Drivers/STM32F4xx_HAL_Driver/stm32f4xx_hal.o
 .debug_line    0x0000000000004dbf     0x12e4 ./Drivers/STM32F4xx_HAL_Driver/stm32f4xx_hal_can.o
 .debug_line    0x00000000000060a3      0xe27 ./Drivers/STM32F4xx_HAL_Driver/stm32f4xx_hal_cortex.o
 .debug_line    0x0000000000006eca      0xcee ./Drivers/STM32F4xx_HAL_Driver/stm32f4xx_hal_gpio.o
 .debug_line    0x0000000000007bb8     0x14c5 ./Drivers/STM32F4xx_HAL_Driver/stm32f4xx_hal_pcd.o
 .debug_line    0x000000000000907d      0x95b ./Drivers/STM32F4xx_HAL_Driver/stm32f4xx_hal_pcd_ex.o
 .debug_line    0x00000000000099d8      0xef2 ./Drivers/STM32F4xx_HAL_Driver/stm32f4xx_hal_rcc.o
 .debug_line    0x000000000000a8ca     0x386c ./Drivers/STM32F4xx_HAL_Driver/stm32f4xx_hal_tim.o
 .debug_line    0x000000000000e136     0x1b75 ./Drivers/STM32F4xx_HAL_Driver/stm32f4xx_hal_tim_ex.o
 .debug_line    0x000000000000fcab     0x1b07 ./Drivers/STM32F4xx_HAL_Driver/stm32f4xx_ll_usb.o
 .debug_line    0x00000000000117b2     0x10a3 ./Middlewares/USB_Device_Library/usbd_cdc.o
 .debug_line    0x0000000000012855     0x10ed ./Middlewares/USB_Device_Library/usbd_core.o
 .debug_line    0x0000000000013942     0x136d ./Middlewares/USB_Device_Library/usbd_ctlreq.o
 .debug_line    0x0000000000014caf      0xd44 ./Middlewares/USB_Device_Library/usbd_ioreq.o
 .debug_line    0x00000000000159f3      0xd00 ./USB_DEVICE/App/usb_device.o
 .debug_line    0x00000000000166f3      0xd63 ./USB_DEVICE/App/usbd_cdc_if.o
 .debug_line    0x0000000000017456      0xd90 ./USB_DEVICE/App/usbd_desc.o
 .debug_line    0x00000000000181e6     0x10e6 ./USB_DEVICE/Target/usbd_conf.o

.debug_str      0x0000000000000000    0xcf400
 .debug_str     0x0000000000000000    0xc4ea1 ./Core/Src/can.o
                                      0xc5176 (size before relaxing)
 .debug_str     0x00000000000c4ea1       0x48 ./Core/Src/gpio.o
                                      0xc4eb7 (size before relaxing)
 .debug_str     0x00000000000c4ee9     0x5253 ./Core/Src/main.o
                                      0xca43e (size before relaxing)
 .debug_str     0x00000000000ca13c       0x2c ./Core/Src/stm32f4xx_hal_msp.o
                                      0xc4e1a (size before relaxing)
 .debug_str     0x00000000000ca168      0x40c ./Core/Src/stm32f4xx_it.o
                                      0xc5649 (size before relaxing)
 .debug_str     0x00000000000ca574       0xaf ./Core/Src/system_stm32f4xx.o
                                      0xc4e3a (size before relaxing)
 .debug_str     0x00000000000ca623      0x5c8 ./Core/Src/tim.o
                                      0xc5937 (size before relaxing)
 .debug_str     0x00000000000cabeb       0x36 ./Core/Startup/startup_stm32f407vetx.o
                                         0xcd (size before relaxing)
 .debug_str     0x00000000000cac21      0x5bc ./Drivers/STM32F4xx_HAL_Driver/stm32f4xx_hal.o
                                      0xc5955 (size before relaxing)
 .debug_str     0x00000000000cb1dd      0x5ac ./Drivers/STM32F4xx_HAL_Driver/stm32f4xx_hal_can.o
                                      0xc557f (size before relaxing)
 .debug_str     0x00000000000cb789      0x3d2 ./Drivers/STM32F4xx_HAL_Driver/stm32f4xx_hal_cortex.o
                                      0xc5744 (size before relaxing)
 .debug_str     0x00000000000cbb5b      0x198 ./Drivers/STM32F4xx_HAL_Driver/stm32f4xx_hal_gpio.o
                                      0xc501a (size before relaxing)
 .debug_str     0x00000000000cbcf3      0x59d ./Drivers/STM32F4xx_HAL_Driver/stm32f4xx_hal_pcd.o
                                      0xc565d (size before relaxing)
 .debug_str     0x00000000000cc290      0x178 ./Drivers/STM32F4xx_HAL_Driver/stm32f4xx_hal_pcd_ex.o
                                      0xc5228 (size before relaxing)
 .debug_str     0x00000000000cc408      0x292 ./Drivers/STM32F4xx_HAL_Driver/stm32f4xx_hal_rcc.o
                                      0xc5275 (size before relaxing)
 .debug_str     0x00000000000cc69a      0xe1c ./Drivers/STM32F4xx_HAL_Driver/stm32f4xx_hal_tim.o
                                      0xc61a2 (size before relaxing)
 .debug_str     0x00000000000cd4b6      0x527 ./Drivers/STM32F4xx_HAL_Driver/stm32f4xx_hal_tim_ex.o
                                      0xc5953 (size before relaxing)
 .debug_str     0x00000000000cd9dd      0x6e5 ./Drivers/STM32F4xx_HAL_Driver/stm32f4xx_ll_usb.o
                                      0xc5794 (size before relaxing)
 .debug_str     0x00000000000ce0c2      0x962 ./Middlewares/USB_Device_Library/usbd_cdc.o
                                      0xca69a (size before relaxing)
 .debug_str     0x00000000000cea24      0x1db ./Middlewares/USB_Device_Library/usbd_core.o
                                      0xc9f26 (size before relaxing)
 .debug_str     0x00000000000cebff      0x18b ./Middlewares/USB_Device_Library/usbd_ctlreq.o
                                      0xc9ee4 (size before relaxing)
 .debug_str     0x00000000000ced8a      0x102 ./Middlewares/USB_Device_Library/usbd_ioreq.o
                                      0xc9e34 (size before relaxing)
 .debug_str     0x00000000000cee8c      0x118 ./USB_DEVICE/App/usb_device.o
                                      0xca18a (size before relaxing)
 .debug_str     0x00000000000cefa4       0x9a ./USB_DEVICE/App/usbd_cdc_if.o
                                      0xca1dc (size before relaxing)
 .debug_str     0x00000000000cf03e      0x26e ./USB_DEVICE/App/usbd_desc.o
                                      0xc9d4d (size before relaxing)
 .debug_str     0x00000000000cf2ac      0x154 ./USB_DEVICE/Target/usbd_conf.o
                                      0xcad8b (size before relaxing)

.comment        0x0000000000000000       0x53
 .comment       0x0000000000000000       0x53 ./Core/Src/can.o
                                         0x54 (size before relaxing)
 .comment       0x0000000000000053       0x54 ./Core/Src/gpio.o
 .comment       0x0000000000000053       0x54 ./Core/Src/main.o
 .comment       0x0000000000000053       0x54 ./Core/Src/stm32f4xx_hal_msp.o
 .comment       0x0000000000000053       0x54 ./Core/Src/stm32f4xx_it.o
 .comment       0x0000000000000053       0x54 ./Core/Src/system_stm32f4xx.o
 .comment       0x0000000000000053       0x54 ./Core/Src/tim.o
 .comment       0x0000000000000053       0x54 ./Drivers/STM32F4xx_HAL_Driver/stm32f4xx_hal.o
 .comment       0x0000000000000053       0x54 ./Drivers/STM32F4xx_HAL_Driver/stm32f4xx_hal_can.o
 .comment       0x0000000000000053       0x54 ./Drivers/STM32F4xx_HAL_Driver/stm32f4xx_hal_cortex.o
 .comment       0x0000000000000053       0x54 ./Drivers/STM32F4xx_HAL_Driver/stm32f4xx_hal_gpio.o
 .comment       0x0000000000000053       0x54 ./Drivers/STM32F4xx_HAL_Driver/stm32f4xx_hal_pcd.o
 .comment       0x0000000000000053       0x54 ./Drivers/STM32F4xx_HAL_Driver/stm32f4xx_hal_pcd_ex.o
 .comment       0x0000000000000053       0x54 ./Drivers/STM32F4xx_HAL_Driver/stm32f4xx_hal_rcc.o
 .comment       0x0000000000000053       0x54 ./Drivers/STM32F4xx_HAL_Driver/stm32f4xx_hal_tim.o
 .comment       0x0000000000000053       0x54 ./Drivers/STM32F4xx_HAL_Driver/stm32f4xx_hal_tim_ex.o
 .comment       0x0000000000000053       0x54 ./Drivers/STM32F4xx_HAL_Driver/stm32f4xx_ll_usb.o
 .comment       0x0000000000000053       0x54 ./Middlewares/USB_Device_Library/usbd_cdc.o
 .comment       0x0000000000000053       0x54 ./Middlewares/USB_Device_Library/usbd_core.o
 .comment       0x0000000000000053       0x54 ./Middlewares/USB_Device_Library/usbd_ctlreq.o
 .comment       0x0000000000000053       0x54 ./Middlewares/USB_Device_Library/usbd_ioreq.o
 .comment       0x0000000000000053       0x54 ./USB_DEVICE/App/usb_device.o
 .comment       0x0000000000000053       0x54 ./USB_DEVICE/App/usbd_cdc_if.o
 .comment       0x0000000000000053       0x54 ./USB_DEVICE/App/usbd_desc.o
 .comment       0x0000000000000053       0x54 ./USB_DEVICE/Target/usbd_conf.o

.debug_frame    0x0000000000000000     0x4a2c
 .debug_frame   0x0000000000000000       0x90 ./Core/Src/can.o
 .debug_frame   0x0000000000000090       0x34 ./Core/Src/gpio.o
 .debug_frame   0x00000000000000c4       0x68 ./Core/Src/main.o
 .debug_frame   0x000000000000012c       0x38 ./Core/Src/stm32f4xx_hal_msp.o
 .debug_frame   0x0000000000000164      0x13c ./Core/Src/stm32f4xx_it.o
 .debug_frame   0x00000000000002a0       0x58 ./Core/Src/system_stm32f4xx.o
 .debug_frame   0x00000000000002f8       0x7c ./Core/Src/tim.o
 .debug_frame   0x0000000000000374      0x374 ./Drivers/STM32F4xx_HAL_Driver/stm32f4xx_hal.o
 .debug_frame   0x00000000000006e8      0x5a0 ./Drivers/STM32F4xx_HAL_Driver/stm32f4xx_hal_can.o
 .debug_frame   0x0000000000000c88      0x498 ./Drivers/STM32F4xx_HAL_Driver/stm32f4xx_hal_cortex.o
 .debug_frame   0x0000000000001120      0x14c ./Drivers/STM32F4xx_HAL_Driver/stm32f4xx_hal_gpio.o
 .debug_frame   0x000000000000126c      0x574 ./Drivers/STM32F4xx_HAL_Driver/stm32f4xx_hal_pcd.o